Archive member included because of file (symbol)

.\CortexM3\ARM_GCC_493\Debug\PSoC_Grbl.a(cyfitter_cfg.o)
                              .\CortexM3\ARM_GCC_493\Debug\Cm3Start.o (cyfitter_cfg)
.\CortexM3\ARM_GCC_493\Debug\PSoC_Grbl.a(LCD.o)
                              .\CortexM3\ARM_GCC_493\Debug\lcd_report.o (LCD_PrintString)
.\CortexM3\ARM_GCC_493\Debug\PSoC_Grbl.a(LCD_CustChars.o)
                              .\CortexM3\ARM_GCC_493\Debug\lcd_report.o (LCD_LoadCustomFonts)
.\CortexM3\ARM_GCC_493\Debug\PSoC_Grbl.a(CyLib.o)
                              .\CortexM3\ARM_GCC_493\Debug\Cm3Start.o (CyHalt)
.\CortexM3\ARM_GCC_493\Debug\PSoC_Grbl.a(cyPm.o)
                              .\CortexM3\ARM_GCC_493\Debug\PSoC_Grbl.a(CyLib.o) (CyPmReadStatus)
.\CortexM3\ARM_GCC_493\Debug\PSoC_Grbl.a(UART.o)
                              .\CortexM3\ARM_GCC_493\Debug\serial.o (UART_Start)
.\CortexM3\ARM_GCC_493\Debug\PSoC_Grbl.a(UART_INT.o)
                              .\CortexM3\ARM_GCC_493\Debug\PSoC_Grbl.a(UART.o) (UART_TXISR)
.\CortexM3\ARM_GCC_493\Debug\PSoC_Grbl.a(isr_UART_Rx.o)
                              .\CortexM3\ARM_GCC_493\Debug\serial.o (isr_UART_Rx_StartEx)
.\CortexM3\ARM_GCC_493\Debug\PSoC_Grbl.a(UART_IntClock.o)
                              .\CortexM3\ARM_GCC_493\Debug\PSoC_Grbl.a(UART.o) (UART_IntClock_Start)
.\CortexM3\ARM_GCC_493\Debug\PSoC_Grbl.a(EEPROM_PSoC.o)
                              .\CortexM3\ARM_GCC_493\Debug\settings.o (EEPROM_PSoC_Start)
.\CortexM3\ARM_GCC_493\Debug\PSoC_Grbl.a(Control_Reg_Step.o)
                              .\CortexM3\ARM_GCC_493\Debug\stepper.o (Control_Reg_Step_Write)
.\CortexM3\ARM_GCC_493\Debug\PSoC_Grbl.a(Clock_Step_Pulse.o)
                              .\CortexM3\ARM_GCC_493\Debug\stepper.o (Clock_Step_Pulse_Start)
.\CortexM3\ARM_GCC_493\Debug\PSoC_Grbl.a(Control_Reg_Dir.o)
                              .\CortexM3\ARM_GCC_493\Debug\stepper.o (Control_Reg_Dir_Write)
.\CortexM3\ARM_GCC_493\Debug\PSoC_Grbl.a(isr_Limits.o)
                              .\CortexM3\ARM_GCC_493\Debug\limits.o (isr_Limits_StartEx)
.\CortexM3\ARM_GCC_493\Debug\PSoC_Grbl.a(isr_Control.o)
                              .\CortexM3\ARM_GCC_493\Debug\system.o (isr_Control_StartEx)
.\CortexM3\ARM_GCC_493\Debug\PSoC_Grbl.a(Status_Control.o)
                              .\CortexM3\ARM_GCC_493\Debug\system.o (Status_Control_Read)
.\CortexM3\ARM_GCC_493\Debug\PSoC_Grbl.a(Status_Limit.o)
                              .\CortexM3\ARM_GCC_493\Debug\limits.o (Status_Limit_Read)
.\CortexM3\ARM_GCC_493\Debug\PSoC_Grbl.a(Status_Probe.o)
                              .\CortexM3\ARM_GCC_493\Debug\probe.o (Status_Probe_Read)
.\CortexM3\ARM_GCC_493\Debug\PSoC_Grbl.a(Control_Step_Enable.o)
                              .\CortexM3\ARM_GCC_493\Debug\stepper.o (Control_Step_Enable_Write)
.\CortexM3\ARM_GCC_493\Debug\PSoC_Grbl.a(PWM_Spindle.o)
                              .\CortexM3\ARM_GCC_493\Debug\spindle_control.o (PWM_Spindle_WriteCompare)
.\CortexM3\ARM_GCC_493\Debug\PSoC_Grbl.a(Pin_Spindle_Direction.o)
                              .\CortexM3\ARM_GCC_493\Debug\spindle_control.o (Pin_Spindle_Direction_Write)
.\CortexM3\ARM_GCC_493\Debug\PSoC_Grbl.a(Pin_Spindle_Enable.o)
                              .\CortexM3\ARM_GCC_493\Debug\spindle_control.o (Pin_Spindle_Enable_Read)
.\CortexM3\ARM_GCC_493\Debug\PSoC_Grbl.a(Stepper_Timer.o)
                              .\CortexM3\ARM_GCC_493\Debug\stepper.o (Stepper_Timer_Stop)
.\CortexM3\ARM_GCC_493\Debug\PSoC_Grbl.a(isr_Step.o)
                              .\CortexM3\ARM_GCC_493\Debug\stepper.o (isr_Step_StartEx)
.\CortexM3\ARM_GCC_493\Debug\PSoC_Grbl.a(isr_LCD_Update.o)
                              .\CortexM3\ARM_GCC_493\Debug\main.o (isr_LCD_Update_StartEx)
.\CortexM3\ARM_GCC_493\Debug\PSoC_Grbl.a(Flood_Coolant_Pin.o)
                              .\CortexM3\ARM_GCC_493\Debug\coolant_control.o (Flood_Coolant_Pin_Write)
.\CortexM3\ARM_GCC_493\Debug\PSoC_Grbl.a(Mist_Coolant_Pin.o)
                              .\CortexM3\ARM_GCC_493\Debug\coolant_control.o (Mist_Coolant_Pin_Write)
.\CortexM3\ARM_GCC_493\Debug\PSoC_Grbl.a(QuadDec.o)
                              .\CortexM3\ARM_GCC_493\Debug\lcd_report.o (QuadDec_GetCounter)
.\CortexM3\ARM_GCC_493\Debug\PSoC_Grbl.a(QuadDec_Cnt16.o)
                              .\CortexM3\ARM_GCC_493\Debug\PSoC_Grbl.a(QuadDec.o) (QuadDec_Cnt16_Stop)
.\CortexM3\ARM_GCC_493\Debug\PSoC_Grbl.a(isr_Enc_Sw.o)
                              .\CortexM3\ARM_GCC_493\Debug\lcd_report.o (isr_Enc_Sw_StartEx)
.\CortexM3\ARM_GCC_493\Debug\PSoC_Grbl.a(CyBootAsmGnu.o)
                              .\CortexM3\ARM_GCC_493\Debug\PSoC_Grbl.a(cyfitter_cfg.o) (CyDelayCycles)
.\CortexM3\ARM_GCC_493\Debug\PSoC_Grbl.a(CyFlash.o)
                              .\CortexM3\ARM_GCC_493\Debug\PSoC_Grbl.a(EEPROM_PSoC.o) (dieTemperature)
.\CortexM3\ARM_GCC_493\Debug\PSoC_Grbl.a(CySpc.o)
[...]
Memory Configuration

Name             Origin             Length             Attributes
rom              0x00000000         0x00040000         xr
ram              0x1fff8000         0x00010000         xrw
*default*        0x00000000         0xffffffff

Linker script and memory map

LOAD d:/program files (x86)/cypress/psoc creator/4.0/psoc creator/import/gnu/arm/4.9.3/bin/../lib/gcc/arm-none-eabi/4.9.3/armv7-m/crti.o
LOAD d:/program files (x86)/cypress/psoc creator/4.0/psoc creator/import/gnu/arm/4.9.3/bin/../lib/gcc/arm-none-eabi/4.9.3/armv7-m/crtbegin.o
LOAD d:/program files (x86)/cypress/psoc creator/4.0/psoc creator/import/gnu/arm/4.9.3/bin/../lib/gcc/arm-none-eabi/4.9.3/../../../../arm-none-eabi/lib/armv7-m/crt0.o
START GROUP
LOAD .\CortexM3\ARM_GCC_493\Debug\main.o
LOAD .\CortexM3\ARM_GCC_493\Debug\lcd_report.o
LOAD .\CortexM3\ARM_GCC_493\Debug\serial.o
LOAD .\CortexM3\ARM_GCC_493\Debug\report.o
LOAD .\CortexM3\ARM_GCC_493\Debug\settings.o
LOAD .\CortexM3\ARM_GCC_493\Debug\eeprom.o
LOAD .\CortexM3\ARM_GCC_493\Debug\coolant_control.o
LOAD .\CortexM3\ARM_GCC_493\Debug\gcode.o
LOAD .\CortexM3\ARM_GCC_493\Debug\limits.o
LOAD .\CortexM3\ARM_GCC_493\Debug\nut_bolts.o
LOAD .\CortexM3\ARM_GCC_493\Debug\planner.o
LOAD .\CortexM3\ARM_GCC_493\Debug\print.o
LOAD .\CortexM3\ARM_GCC_493\Debug\probe.o
LOAD .\CortexM3\ARM_GCC_493\Debug\protocol.o
LOAD .\CortexM3\ARM_GCC_493\Debug\spindle_control.o
LOAD .\CortexM3\ARM_GCC_493\Debug\stepper.o
LOAD .\CortexM3\ARM_GCC_493\Debug\system.o
LOAD .\CortexM3\ARM_GCC_493\Debug\motion_control.o
LOAD .\CortexM3\ARM_GCC_493\Debug\jog.o
LOAD .\CortexM3\ARM_GCC_493\Debug\cymetadata.o
LOAD .\CortexM3\ARM_GCC_493\Debug\Cm3Start.o
LOAD .\CortexM3\ARM_GCC_493\Debug\PSoC_Grbl.a
LOAD D:\Program Files (x86)\Cypress\PSoC Creator\4.0\PSoC Creator\psoc\content\cycomponentlibrary\CyComponentLibrary.cylib\CortexM3\ARM_GCC_493\Debug\CyComponentLibrary.a
LOAD d:/program files (x86)/cypress/psoc creator/4.0/psoc creator/import/gnu/arm/4.9.3/bin/../lib/gcc/arm-none-eabi/4.9.3/../../../../arm-none-eabi/lib/armv7-m\libm.a
END GROUP
START GROUP
LOAD d:/program files (x86)/cypress/psoc creator/4.0/psoc creator/import/gnu/arm/4.9.3/bin/../lib/gcc/arm-none-eabi/4.9.3/armv7-m\libgcc.a
LOAD d:/program files (x86)/cypress/psoc creator/4.0/psoc creator/import/gnu/arm/4.9.3/bin/../lib/gcc/arm-none-eabi/4.9.3/../../../../arm-none-eabi/lib/armv7-m\libg_nano.a
LOAD d:/program files (x86)/cypress/psoc creator/4.0/psoc creator/import/gnu/arm/4.9.3/bin/../lib/gcc/arm-none-eabi/4.9.3/../../../../arm-none-eabi/lib/armv7-m\libc_nano.a
END GROUP
START GROUP
LOAD d:/program files (x86)/cypress/psoc creator/4.0/psoc creator/import/gnu/arm/4.9.3/bin/../lib/gcc/arm-none-eabi/4.9.3/armv7-m\libgcc.a
LOAD d:/program files (x86)/cypress/psoc creator/4.0/psoc creator/import/gnu/arm/4.9.3/bin/../lib/gcc/arm-none-eabi/4.9.3/../../../../arm-none-eabi/lib/armv7-m\libc_nano.a
END GROUP
LOAD d:/program files (x86)/cypress/psoc creator/4.0/psoc creator/import/gnu/arm/4.9.3/bin/../lib/gcc/arm-none-eabi/4.9.3/armv7-m/crtend.o
LOAD d:/program files (x86)/cypress/psoc creator/4.0/psoc creator/import/gnu/arm/4.9.3/bin/../lib/gcc/arm-none-eabi/4.9.3/armv7-m/crtn.o
START GROUP
LOAD d:/program files (x86)/cypress/psoc creator/4.0/psoc creator/import/gnu/arm/4.9.3/bin/../lib/gcc/arm-none-eabi/4.9.3/armv7-m\libgcc.a
LOAD d:/program files (x86)/cypress/psoc creator/4.0/psoc creator/import/gnu/arm/4.9.3/bin/../lib/gcc/arm-none-eabi/4.9.3/../../../../arm-none-eabi/lib/armv7-m\libc.a
LOAD d:/program files (x86)/cypress/psoc creator/4.0/psoc creator/import/gnu/arm/4.9.3/bin/../lib/gcc/arm-none-eabi/4.9.3/../../../../arm-none-eabi/lib/armv7-m\libnosys.a
END GROUP
                0x00000000                CY_APPL_ORIGIN = 0x0
                0x00000100                CY_FLASH_ROW_SIZE = 0x100
                0x00000020                CY_ECC_ROW_SIZE = 0x20
                0x00000000                CY_EE_IN_BTLDR = 0x0
                0x00000000                CY_APPL_LOADABLE = 0x0
                0x00000800                CY_EE_SIZE = 0x800
                0x00000001                CY_APPL_NUM = 0x1
                0x00000001                CY_APPL_MAX = 0x1
                0x00000040                CY_METADATA_SIZE = 0x40
                0x00000000                CY_APPL_LOADABLE = 0x0
                0x00000000                CY_CHECKSUM_EXCLUDE_SIZE = ALIGN (0x0, CY_FLASH_ROW_SIZE)
                0x1fff8970                PROVIDE (__cy_heap_start, _end)
                0x00000001                PROVIDE (__cy_region_num, ((__cy_regions_end - __cy_regions) / 0x10))
                0x20008000                PROVIDE (__cy_stack, (ORIGIN (ram) + 0x10000))
                0x20007800                PROVIDE (__cy_heap_end, (__cy_stack - 0x800))

.cybootloader   0x00000000        0x0
 *(.cybootloader)
                0x00000000                appl1_start = CY_APPL_ORIGIN?CY_APPL_ORIGIN:ALIGN (CY_FLASH_ROW_SIZE)
                0x0001ff00                appl2_start = (appl1_start + ALIGN ((((0x40000 - appl1_start) - (0x2 * CY_FLASH_ROW_SIZE)) / 0x2), CY_FLASH_ROW_SIZE))
                0x00000000                appl_start = (CY_APPL_NUM == 0x1)?appl1_start:appl2_start
                0x00000000                ecc_offset = ((appl_start / CY_FLASH_ROW_SIZE) * CY_ECC_ROW_SIZE)
                0x00000000                ee_offset = (CY_APPL_LOADABLE && ! (CY_EE_IN_BTLDR))?((CY_EE_SIZE / CY_APPL_MAX) * (CY_APPL_NUM - 0x1)):0x0
                0x00000800                ee_size = (CY_APPL_LOADABLE && ! (CY_EE_IN_BTLDR))?(CY_EE_SIZE / CY_APPL_MAX):CY_EE_SIZE
                0x00000000                PROVIDE (CY_ECC_OFFSET, ecc_offset)

.text           0x00000000     0xc26e
 CREATE_OBJECT_SYMBOLS
                0x00000000                PROVIDE (__cy_interrupt_vector, RomVectors)
 *(.romvectors)
 .romvectors    0x00000000       0x10 .\CortexM3\ARM_GCC_493\Debug\Cm3Start.o
                0x00000000                RomVectors
                0x00000001                ASSERT ((. != __cy_interrupt_vector), No interrupt vector)
                0x00000001                ASSERT (CY_APPL_ORIGIN?(SIZEOF (.cybootloader) <= CY_APPL_ORIGIN):0x1, Wrong image location)
                0x00000010                PROVIDE (__cy_reset, Reset)
 *(.text.Reset)
 .text.Reset    0x00000010       0x18 .\CortexM3\ARM_GCC_493\Debug\Cm3Start.o
                0x00000010                Reset
                0x00000001                ASSERT ((. != __cy_reset), No reset code)
 *(.dma_init)
                0x00000001                ASSERT ((((appl_start + .) <= 0x10000) || 0x1), DMA Init must be within the first 64k of flash)
 *(.text .text.* .gnu.linkonce.t.*)
 .text          0x00000028       0x5c d:/program files (x86)/cypress/psoc creator/4.0/psoc creator/import/gnu/arm/4.9.3/bin/../lib/gcc/arm-none-eabi/4.9.3/armv7-m/crtbegin.o
 .text.main     0x00000084       0xe4 .\CortexM3\ARM_GCC_493\Debug\main.o
                0x00000084                main
 .text.enc_sw_isr_handler
                0x00000168        0xc .\CortexM3\ARM_GCC_493\Debug\lcd_report.o
                0x00000168                enc_sw_isr_handler
 .text.lcd_init
                0x00000174       0x30 .\CortexM3\ARM_GCC_493\Debug\lcd_report.o
                0x00000174                lcd_init
 .text.ISR_lcd  0x000001a4        0xc .\CortexM3\ARM_GCC_493\Debug\lcd_report.o
                0x000001a4                ISR_lcd
 .text.lcd_menu_execute
                0x000001b0       0x14 .\CortexM3\ARM_GCC_493\Debug\lcd_report.o
                0x000001b0                lcd_menu_execute
 *fill*         0x000001c4        0x4 
 .text.lcd_report_realtime
                0x000001c8      0xaf8 .\CortexM3\ARM_GCC_493\Debug\lcd_report.o
                0x000001c8                lcd_report_realtime
 .text.lcd_report_init_message
                0x00000cc0       0x30 .\CortexM3\ARM_GCC_493\Debug\lcd_report.o
                0x00000cc0                lcd_report_init_message
 .text.rx_isr_handler
                0x00000cf0       0x70 .\CortexM3\ARM_GCC_493\Debug\serial.o
                0x00000cf0                rx_isr_handler
 .text.serial_get_rx_buffer_available
                0x00000d60       0x20 .\CortexM3\ARM_GCC_493\Debug\serial.o
                0x00000d60                serial_get_rx_buffer_available
 .text.serial_init
                0x00000d80       0x14 .\CortexM3\ARM_GCC_493\Debug\serial.o
                0x00000d80                serial_init
 .text.serial_write
                0x00000d94        0x8 .\CortexM3\ARM_GCC_493\Debug\serial.o
                0x00000d94                serial_write
 .text.serial_read
                0x00000d9c       0x2c .\CortexM3\ARM_GCC_493\Debug\serial.o
                0x00000d9c                serial_read
 .text.serial_reset_read_buffer
                0x00000dc8        0xc .\CortexM3\ARM_GCC_493\Debug\serial.o
                0x00000dc8                serial_reset_read_buffer
 .text.report_util_line_feed
                0x00000dd4       0x10 .\CortexM3\ARM_GCC_493\Debug\report.o
 .text.report_util_feedback_line_feed
                0x00000de4       0x10 .\CortexM3\ARM_GCC_493\Debug\report.o
 .text.report_util_gcode_modes_G
                0x00000df4       0x10 .\CortexM3\ARM_GCC_493\Debug\report.o
 .text.report_util_gcode_modes_M
                0x00000e04       0x10 .\CortexM3\ARM_GCC_493\Debug\report.o
 .text.report_util_axis_values
                0x00000e14       0x24 .\CortexM3\ARM_GCC_493\Debug\report.o
 .text.report_util_setting_prefix
                0x00000e38       0x18 .\CortexM3\ARM_GCC_493\Debug\report.o
                0x00000e38                report_util_setting_prefix
 .text.report_util_uint8_setting
                0x00000e50       0x14 .\CortexM3\ARM_GCC_493\Debug\report.o
 .text.report_util_float_setting
                0x00000e64       0x18 .\CortexM3\ARM_GCC_493\Debug\report.o
 .text.get_state
                0x00000e7c       0xf0 .\CortexM3\ARM_GCC_493\Debug\report.o
                0x00000e7c                get_state
 .text.report_status_message
                0x00000f6c       0x28 .\CortexM3\ARM_GCC_493\Debug\report.o
                0x00000f6c                report_status_message
 .text.report_alarm_message
                0x00000f94       0x24 .\CortexM3\ARM_GCC_493\Debug\report.o
                0x00000f94                report_alarm_message
 .text.report_feedback_message
                0x00000fb8       0xac .\CortexM3\ARM_GCC_493\Debug\report.o
                0x00000fb8                report_feedback_message
 .text.report_init_message
                0x00001064       0x10 .\CortexM3\ARM_GCC_493\Debug\report.o
                0x00001064                report_init_message
 .text.report_grbl_help
                0x00001074       0x10 .\CortexM3\ARM_GCC_493\Debug\report.o
                0x00001074                report_grbl_help
 .text.report_grbl_settings
                0x00001084      0x18c .\CortexM3\ARM_GCC_493\Debug\report.o
                0x00001084                report_grbl_settings
 .text.report_probe_parameters
                0x00001210       0x3c .\CortexM3\ARM_GCC_493\Debug\report.o
                0x00001210                report_probe_parameters
 .text.report_ngc_parameters
                0x0000124c       0xa0 .\CortexM3\ARM_GCC_493\Debug\report.o
                0x0000124c                report_ngc_parameters
 .text.report_gcode_modes
                0x000012ec      0x120 .\CortexM3\ARM_GCC_493\Debug\report.o
                0x000012ec                report_gcode_modes
 .text.report_startup_line
                0x0000140c       0x28 .\CortexM3\ARM_GCC_493\Debug\report.o
                0x0000140c                report_startup_line
 .text.report_execute_startup_message
                0x00001434       0x20 .\CortexM3\ARM_GCC_493\Debug\report.o
                0x00001434                report_execute_startup_message
 .text.report_build_info
                0x00001454       0x34 .\CortexM3\ARM_GCC_493\Debug\report.o
                0x00001454                report_build_info
 .text.report_realtime_status
                0x00001488      0x354 .\CortexM3\ARM_GCC_493\Debug\report.o
                0x00001488                report_realtime_status
 .text.report_realtime_debug
                0x000017dc        0x4 .\CortexM3\ARM_GCC_493\Debug\report.o
                0x000017dc                report_realtime_debug
 .text.settings_store_startup_line
                0x000017e0       0x18 .\CortexM3\ARM_GCC_493\Debug\settings.o
                0x000017e0                settings_store_startup_line
 .text.settings_store_build_info
                0x000017f8       0x10 .\CortexM3\ARM_GCC_493\Debug\settings.o
                0x000017f8                settings_store_build_info
 .text.settings_write_coord_data
                0x00001808       0x18 .\CortexM3\ARM_GCC_493\Debug\settings.o
                0x00001808                settings_write_coord_data
 .text.write_global_settings
                0x00001820       0x1c .\CortexM3\ARM_GCC_493\Debug\settings.o
                0x00001820                write_global_settings
 .text.settings_restore
                0x0000183c       0xec .\CortexM3\ARM_GCC_493\Debug\settings.o
                0x0000183c                settings_restore
 .text.settings_read_startup_line
                0x00001928       0x30 .\CortexM3\ARM_GCC_493\Debug\settings.o
                0x00001928                settings_read_startup_line
 .text.settings_read_build_info
                0x00001958       0x24 .\CortexM3\ARM_GCC_493\Debug\settings.o
                0x00001958                settings_read_build_info
 .text.settings_read_coord_data
                0x0000197c       0x60 .\CortexM3\ARM_GCC_493\Debug\settings.o
                0x0000197c                settings_read_coord_data
 .text.read_global_settings
                0x000019dc       0x28 .\CortexM3\ARM_GCC_493\Debug\settings.o
                0x000019dc                read_global_settings
 .text.settings_store_global_setting
                0x00001a04      0x250 .\CortexM3\ARM_GCC_493\Debug\settings.o
                0x00001a04                settings_store_global_setting
 .text.settings_init
                0x00001c54       0x20 .\CortexM3\ARM_GCC_493\Debug\settings.o
                0x00001c54                settings_init
 .text.get_step_pin_mask
                0x00001c74       0x14 .\CortexM3\ARM_GCC_493\Debug\settings.o
                0x00001c74                get_step_pin_mask
 .text.get_direction_pin_mask
                0x00001c88       0x14 .\CortexM3\ARM_GCC_493\Debug\settings.o
                0x00001c88                get_direction_pin_mask
 .text.eeprom_get_char
                0x00001c9c        0xc .\CortexM3\ARM_GCC_493\Debug\eeprom.o
                0x00001c9c                eeprom_get_char
 .text.eeprom_put_char
                0x00001ca8       0x10 .\CortexM3\ARM_GCC_493\Debug\eeprom.o
                0x00001ca8                eeprom_put_char
 .text.memcpy_to_eeprom_with_checksum
                0x00001cb8       0x3c .\CortexM3\ARM_GCC_493\Debug\eeprom.o
                0x00001cb8                memcpy_to_eeprom_with_checksum
 .text.memcpy_from_eeprom_with_checksum
                0x00001cf4       0x44 .\CortexM3\ARM_GCC_493\Debug\eeprom.o
                0x00001cf4                memcpy_from_eeprom_with_checksum
 .text.coolant_get_state
                0x00001d38       0x1c .\CortexM3\ARM_GCC_493\Debug\coolant_control.o
                0x00001d38                coolant_get_state
 .text.coolant_stop
                0x00001d54       0x10 .\CortexM3\ARM_GCC_493\Debug\coolant_control.o
                0x00001d54                coolant_stop
 .text.coolant_set_state
                0x00001d64       0x38 .\CortexM3\ARM_GCC_493\Debug\coolant_control.o
                0x00001d64                coolant_set_state
 .text.coolant_init
                0x00001d9c        0xc .\CortexM3\ARM_GCC_493\Debug\coolant_control.o
                0x00001d9c                coolant_init
 .text.coolant_sync
                0x00001da8       0x20 .\CortexM3\ARM_GCC_493\Debug\coolant_control.o
                0x00001da8                coolant_sync
 .text.gc_init  0x00001dc8       0x28 .\CortexM3\ARM_GCC_493\Debug\gcode.o
                0x00001dc8                gc_init
 .text.gc_sync_position
                0x00001df0       0x14 .\CortexM3\ARM_GCC_493\Debug\gcode.o
                0x00001df0                gc_sync_position
 *fill*         0x00001e04        0x4 
 .text.gc_execute_line
                0x00001e08     0x1128 .\CortexM3\ARM_GCC_493\Debug\gcode.o
                0x00001e08                gc_execute_line
 .text.limit_isr_handler
                0x00002f30       0x28 .\CortexM3\ARM_GCC_493\Debug\limits.o
                0x00002f30                limit_isr_handler
 .text.limits_disable
                0x00002f58        0xc .\CortexM3\ARM_GCC_493\Debug\limits.o
                0x00002f58                limits_disable
 .text.limits_init
                0x00002f64       0x28 .\CortexM3\ARM_GCC_493\Debug\limits.o
                0x00002f64                limits_init
 .text.limits_get_state
                0x00002f8c        0x8 .\CortexM3\ARM_GCC_493\Debug\limits.o
                0x00002f8c                limits_get_state
 .text.limits_go_home
                0x00002f94      0x2bc .\CortexM3\ARM_GCC_493\Debug\limits.o
                0x00002f94                limits_go_home
 .text.limits_soft_check
                0x00003250       0x40 .\CortexM3\ARM_GCC_493\Debug\limits.o
                0x00003250                limits_soft_check
 .text.read_float
                0x00003290      0x118 .\CortexM3\ARM_GCC_493\Debug\nut_bolts.o
                0x00003290                read_float
 .text.delay_sec
                0x000033a8       0x50 .\CortexM3\ARM_GCC_493\Debug\nut_bolts.o
                0x000033a8                delay_sec
 .text.hypot_f  0x000033f8       0x30 .\CortexM3\ARM_GCC_493\Debug\nut_bolts.o
                0x000033f8                hypot_f
 .text.convert_delta_vector_to_unit_vector
                0x00003428       0x6c .\CortexM3\ARM_GCC_493\Debug\nut_bolts.o
                0x00003428                convert_delta_vector_to_unit_vector
 .text.limit_value_by_axis_maximum
                0x00003494       0x48 .\CortexM3\ARM_GCC_493\Debug\nut_bolts.o
                0x00003494                limit_value_by_axis_maximum
 .text.plan_prev_block_index
                0x000034dc        0xc .\CortexM3\ARM_GCC_493\Debug\planner.o
 .text.plan_compute_profile_parameters
                0x000034e8       0x38 .\CortexM3\ARM_GCC_493\Debug\planner.o
 .text.plan_next_block_index
                0x00003520        0xc .\CortexM3\ARM_GCC_493\Debug\planner.o
                0x00003520                plan_next_block_index
 .text.planner_recalculate
                0x0000352c      0x184 .\CortexM3\ARM_GCC_493\Debug\planner.o
 .text.plan_reset_buffer
                0x000036b0       0x18 .\CortexM3\ARM_GCC_493\Debug\planner.o
                0x000036b0                plan_reset_buffer
 .text.plan_reset
                0x000036c8       0x2c .\CortexM3\ARM_GCC_493\Debug\planner.o
                0x000036c8                plan_reset
 .text.plan_discard_current_block
                0x000036f4       0x2c .\CortexM3\ARM_GCC_493\Debug\planner.o
                0x000036f4                plan_discard_current_block
 .text.plan_get_system_motion_block
                0x00003720       0x14 .\CortexM3\ARM_GCC_493\Debug\planner.o
                0x00003720                plan_get_system_motion_block
 .text.plan_get_current_block
                0x00003734       0x24 .\CortexM3\ARM_GCC_493\Debug\planner.o
                0x00003734                plan_get_current_block
 .text.plan_get_exec_block_exit_speed_sqr
                0x00003758       0x24 .\CortexM3\ARM_GCC_493\Debug\planner.o
                0x00003758                plan_get_exec_block_exit_speed_sqr
 .text.plan_check_full_buffer
                0x0000377c       0x1c .\CortexM3\ARM_GCC_493\Debug\planner.o
                0x0000377c                plan_check_full_buffer
 .text.plan_compute_profile_nominal_speed
                0x00003798       0xa0 .\CortexM3\ARM_GCC_493\Debug\planner.o
                0x00003798                plan_compute_profile_nominal_speed
 .text.plan_update_velocity_profile_parameters
                0x00003838       0x4c .\CortexM3\ARM_GCC_493\Debug\planner.o
                0x00003838                plan_update_velocity_profile_parameters
 *fill*         0x00003884        0x4 
 .text.plan_buffer_line
                0x00003888      0x318 .\CortexM3\ARM_GCC_493\Debug\planner.o
                0x00003888                plan_buffer_line
 .text.plan_sync_position
                0x00003ba0       0x28 .\CortexM3\ARM_GCC_493\Debug\planner.o
                0x00003ba0                plan_sync_position
 .text.plan_get_block_buffer_available
                0x00003bc8       0x20 .\CortexM3\ARM_GCC_493\Debug\planner.o
                0x00003bc8                plan_get_block_buffer_available
 .text.plan_cycle_reinitialize
                0x00003be8       0x18 .\CortexM3\ARM_GCC_493\Debug\planner.o
                0x00003be8                plan_cycle_reinitialize
 .text.printString
                0x00003c00        0x8 .\CortexM3\ARM_GCC_493\Debug\print.o
                0x00003c00                printString
 .text.printPgmString
                0x00003c08        0x8 .\CortexM3\ARM_GCC_493\Debug\print.o
                0x00003c08                printPgmString
 .text.print_uint8_base10
                0x00003c10       0x5c .\CortexM3\ARM_GCC_493\Debug\print.o
                0x00003c10                print_uint8_base10
 .text.printFloat
                0x00003c6c       0xc8 .\CortexM3\ARM_GCC_493\Debug\print.o
                0x00003c6c                printFloat
 *fill*         0x00003d34        0x4 
 .text.printFloat_CoordValue
                0x00003d38       0x40 .\CortexM3\ARM_GCC_493\Debug\print.o
                0x00003d38                printFloat_CoordValue
 .text.printFloat_RateValue
                0x00003d78       0x40 .\CortexM3\ARM_GCC_493\Debug\print.o
                0x00003d78                printFloat_RateValue
 .text.probe_init
                0x00003db8        0x4 .\CortexM3\ARM_GCC_493\Debug\probe.o
                0x00003db8                probe_init
 .text.probe_configure_invert_mask
                0x00003dbc        0x4 .\CortexM3\ARM_GCC_493\Debug\probe.o
                0x00003dbc                probe_configure_invert_mask
 .text.probe_get_state
                0x00003dc0        0x8 .\CortexM3\ARM_GCC_493\Debug\probe.o
                0x00003dc0                probe_get_state
 .text.probe_state_monitor
                0x00003dc8       0x34 .\CortexM3\ARM_GCC_493\Debug\probe.o
                0x00003dc8                probe_state_monitor
 .text.protocol_auto_cycle_start
                0x00003dfc       0x10 .\CortexM3\ARM_GCC_493\Debug\protocol.o
                0x00003dfc                protocol_auto_cycle_start
 .text.protocol_exec_rt_system
                0x00003e0c      0x400 .\CortexM3\ARM_GCC_493\Debug\protocol.o
                0x00003e0c                protocol_exec_rt_system
 .text.protocol_exec_rt_suspend
                0x0000420c      0x1e4 .\CortexM3\ARM_GCC_493\Debug\protocol.o
 .text.protocol_execute_realtime
                0x000043f0       0x2c .\CortexM3\ARM_GCC_493\Debug\protocol.o
                0x000043f0                protocol_execute_realtime
 .text.protocol_main_loop
                0x0000441c      0x16c .\CortexM3\ARM_GCC_493\Debug\protocol.o
                0x0000441c                protocol_main_loop
 .text.protocol_buffer_synchronize
                0x00004588       0x28 .\CortexM3\ARM_GCC_493\Debug\protocol.o
                0x00004588                protocol_buffer_synchronize
 .text.spindle_get_state
                0x000045b0       0x1c .\CortexM3\ARM_GCC_493\Debug\spindle_control.o
                0x000045b0                spindle_get_state
 .text.spindle_stop
                0x000045cc        0xc .\CortexM3\ARM_GCC_493\Debug\spindle_control.o
                0x000045cc                spindle_stop
 .text.spindle_init
                0x000045d8        0xc .\CortexM3\ARM_GCC_493\Debug\spindle_control.o
                0x000045d8                spindle_init
 .text.spindle_set_speed
                0x000045e4        0x8 .\CortexM3\ARM_GCC_493\Debug\spindle_control.o
                0x000045e4                spindle_set_speed
 *fill*         0x000045ec        0x4 
 .text.spindle_compute_pwm_value
                0x000045f0       0xb8 .\CortexM3\ARM_GCC_493\Debug\spindle_control.o
                0x000045f0                spindle_compute_pwm_value
 .text.spindle_set_state
                0x000046a8       0x54 .\CortexM3\ARM_GCC_493\Debug\spindle_control.o
                0x000046a8                spindle_set_state
 .text.spindle_sync
                0x000046fc       0x20 .\CortexM3\ARM_GCC_493\Debug\spindle_control.o
                0x000046fc                spindle_sync
 .text.st_next_block_index
                0x0000471c        0xc .\CortexM3\ARM_GCC_493\Debug\stepper.o
 .text.st_wake_up
                0x00004728       0x34 .\CortexM3\ARM_GCC_493\Debug\stepper.o
                0x00004728                st_wake_up
 .text.st_go_idle
                0x0000475c       0x50 .\CortexM3\ARM_GCC_493\Debug\stepper.o
                0x0000475c                st_go_idle
 .text.stepper_timer_isr
                0x000047ac      0x1e0 .\CortexM3\ARM_GCC_493\Debug\stepper.o
                0x000047ac                stepper_timer_isr
 .text.st_generate_step_dir_invert_masks
                0x0000498c       0x64 .\CortexM3\ARM_GCC_493\Debug\stepper.o
                0x0000498c                st_generate_step_dir_invert_masks
 .text.st_reset
                0x000049f0       0xa8 .\CortexM3\ARM_GCC_493\Debug\stepper.o
                0x000049f0                st_reset
 .text.stepper_init
                0x00004a98       0x14 .\CortexM3\ARM_GCC_493\Debug\stepper.o
                0x00004a98                stepper_init
 .text.st_update_plan_block_parameters
                0x00004aac       0x30 .\CortexM3\ARM_GCC_493\Debug\stepper.o
                0x00004aac                st_update_plan_block_parameters
 *fill*         0x00004adc        0x4 
 .text.st_prep_buffer
                0x00004ae0      0x988 .\CortexM3\ARM_GCC_493\Debug\stepper.o
                0x00004ae0                st_prep_buffer
 .text.st_get_realtime_rate
                0x00005468       0x20 .\CortexM3\ARM_GCC_493\Debug\stepper.o
                0x00005468                st_get_realtime_rate
 .text.system_init
                0x00005488       0x14 .\CortexM3\ARM_GCC_493\Debug\system.o
                0x00005488                system_init
 .text.system_control_get_state
                0x0000549c        0x8 .\CortexM3\ARM_GCC_493\Debug\system.o
                0x0000549c                system_control_get_state
 .text.control_isr_handler
                0x000054a4       0x40 .\CortexM3\ARM_GCC_493\Debug\system.o
                0x000054a4                control_isr_handler
 .text.system_check_safety_door_ajar
                0x000054e4        0x4 .\CortexM3\ARM_GCC_493\Debug\system.o
                0x000054e4                system_check_safety_door_ajar
 .text.system_execute_startup
                0x000054e8       0x3c .\CortexM3\ARM_GCC_493\Debug\system.o
                0x000054e8                system_execute_startup
 .text.system_flag_wco_change
                0x00005524       0x14 .\CortexM3\ARM_GCC_493\Debug\system.o
                0x00005524                system_flag_wco_change
 .text.system_convert_axis_steps_to_mpos
                0x00005538       0x1c .\CortexM3\ARM_GCC_493\Debug\system.o
                0x00005538                system_convert_axis_steps_to_mpos
 .text.system_convert_array_steps_to_mpos
                0x00005554       0x20 .\CortexM3\ARM_GCC_493\Debug\system.o
                0x00005554                system_convert_array_steps_to_mpos
 .text.system_check_travel_limits
                0x00005574       0x40 .\CortexM3\ARM_GCC_493\Debug\system.o
                0x00005574                system_check_travel_limits
 .text.system_set_exec_state_flag
                0x000055b4       0x14 .\CortexM3\ARM_GCC_493\Debug\system.o
                0x000055b4                system_set_exec_state_flag
 .text.system_execute_line
                0x000055c8      0x400 .\CortexM3\ARM_GCC_493\Debug\system.o
                0x000055c8                system_execute_line
 .text.system_clear_exec_state_flag
                0x000059c8       0x14 .\CortexM3\ARM_GCC_493\Debug\system.o
                0x000059c8                system_clear_exec_state_flag
 .text.system_set_exec_alarm
                0x000059dc       0x10 .\CortexM3\ARM_GCC_493\Debug\system.o
                0x000059dc                system_set_exec_alarm
 .text.system_clear_exec_alarm
                0x000059ec       0x10 .\CortexM3\ARM_GCC_493\Debug\system.o
                0x000059ec                system_clear_exec_alarm
 .text.system_set_exec_accessory_override_flag
                0x000059fc       0x14 .\CortexM3\ARM_GCC_493\Debug\system.o
                0x000059fc                system_set_exec_accessory_override_flag
 .text.system_clear_exec_motion_overrides
                0x00005a10       0x10 .\CortexM3\ARM_GCC_493\Debug\system.o
                0x00005a10                system_clear_exec_motion_overrides
 .text.system_clear_exec_accessory_overrides
                0x00005a20       0x10 .\CortexM3\ARM_GCC_493\Debug\system.o
                0x00005a20                system_clear_exec_accessory_overrides
 .text.mc_line  0x00005a30       0x50 .\CortexM3\ARM_GCC_493\Debug\motion_control.o
                0x00005a30                mc_line
 .text.mc_arc   0x00005a80      0x390 .\CortexM3\ARM_GCC_493\Debug\motion_control.o
                0x00005a80                mc_arc
 .text.mc_dwell
                0x00005e10       0x20 .\CortexM3\ARM_GCC_493\Debug\motion_control.o
                0x00005e10                mc_dwell
 .text.mc_homing_cycle
                0x00005e30       0x40 .\CortexM3\ARM_GCC_493\Debug\motion_control.o
                0x00005e30                mc_homing_cycle
 .text.mc_probe_cycle
                0x00005e70       0xdc .\CortexM3\ARM_GCC_493\Debug\motion_control.o
                0x00005e70                mc_probe_cycle
 .text.mc_reset
                0x00005f4c       0x5c .\CortexM3\ARM_GCC_493\Debug\motion_control.o
                0x00005f4c                mc_reset
 .text.jog_execute
                0x00005fa8       0x60 .\CortexM3\ARM_GCC_493\Debug\jog.o
                0x00005fa8                jog_execute
 .text.IntDefaultHandler
                0x00006008        0x4 .\CortexM3\ARM_GCC_493\Debug\Cm3Start.o
                0x00006008                IntDefaultHandler
 .text._sbrk    0x0000600c       0x30 .\CortexM3\ARM_GCC_493\Debug\Cm3Start.o
                0x0000600c                _sbrk
 .text.Start_c  0x0000603c       0x4c .\CortexM3\ARM_GCC_493\Debug\Cm3Start.o
                0x0000603c                Start_c
 .text.initialize_psoc
                0x00006088       0x74 .\CortexM3\ARM_GCC_493\Debug\Cm3Start.o
                0x00006088                initialize_psoc
 .text.CyClockStartupError
                0x000060fc        0x4 .\CortexM3\ARM_GCC_493\Debug\PSoC_Grbl.a(cyfitter_cfg.o)
 .text.cfg_write_bytes32
                0x00006100       0x34 .\CortexM3\ARM_GCC_493\Debug\PSoC_Grbl.a(cyfitter_cfg.o)
 .text.AnalogSetDefault
                0x00006134       0x28 .\CortexM3\ARM_GCC_493\Debug\PSoC_Grbl.a(cyfitter_cfg.o)
 .text.CYMEMZERO
                0x0000615c        0xc .\CortexM3\ARM_GCC_493\Debug\PSoC_Grbl.a(cyfitter_cfg.o)
 .text.ClockSetup
                0x00006168       0xf8 .\CortexM3\ARM_GCC_493\Debug\PSoC_Grbl.a(cyfitter_cfg.o)
 .text.CYCONFIGCPY
                0x00006260        0x8 .\CortexM3\ARM_GCC_493\Debug\PSoC_Grbl.a(cyfitter_cfg.o)
 .text.cyfitter_cfg
                0x00006268      0x130 .\CortexM3\ARM_GCC_493\Debug\PSoC_Grbl.a(cyfitter_cfg.o)
                0x00006268                cyfitter_cfg
 .text.LCD_WrCntrlNib
                0x00006398       0x34 .\CortexM3\ARM_GCC_493\Debug\PSoC_Grbl.a(LCD.o)
 .text.LCD_WrDatNib
                0x000063cc       0x44 .\CortexM3\ARM_GCC_493\Debug\PSoC_Grbl.a(LCD.o)
 .text.LCD_IsReady
                0x00006410       0xe4 .\CortexM3\ARM_GCC_493\Debug\PSoC_Grbl.a(LCD.o)
                0x00006410                LCD_IsReady
 .text.LCD_WriteData
                0x000064f4       0x18 .\CortexM3\ARM_GCC_493\Debug\PSoC_Grbl.a(LCD.o)
                0x000064f4                LCD_WriteData
 .text.LCD_PrintString
                0x0000650c       0x1c .\CortexM3\ARM_GCC_493\Debug\PSoC_Grbl.a(LCD.o)
                0x0000650c                LCD_PrintString
 .text.LCD_PutChar
                0x00006528        0x8 .\CortexM3\ARM_GCC_493\Debug\PSoC_Grbl.a(LCD.o)
                0x00006528                LCD_PutChar
 .text.LCD_WriteControl
                0x00006530       0x18 .\CortexM3\ARM_GCC_493\Debug\PSoC_Grbl.a(LCD.o)
                0x00006530                LCD_WriteControl
 .text.LCD_Init
                0x00006548       0x74 .\CortexM3\ARM_GCC_493\Debug\PSoC_Grbl.a(LCD.o)
                0x00006548                LCD_Init
 .text.LCD_Enable
                0x000065bc       0x14 .\CortexM3\ARM_GCC_493\Debug\PSoC_Grbl.a(LCD.o)
                0x000065bc                LCD_Enable
 .text.LCD_Start
                0x000065d0       0x1c .\CortexM3\ARM_GCC_493\Debug\PSoC_Grbl.a(LCD.o)
                0x000065d0                LCD_Start
 .text.LCD_Position
                0x000065ec       0x3c .\CortexM3\ARM_GCC_493\Debug\PSoC_Grbl.a(LCD.o)
                0x000065ec                LCD_Position
 .text.LCD_LoadCustomFonts
                0x00006628       0x2c .\CortexM3\ARM_GCC_493\Debug\PSoC_Grbl.a(LCD_CustChars.o)
                0x00006628                LCD_LoadCustomFonts
 .text.CyHalt   0x00006654        0x4 .\CortexM3\ARM_GCC_493\Debug\PSoC_Grbl.a(CyLib.o)
                0x00006654                CyHalt
 .text.CyDelay  0x00006658       0x2c .\CortexM3\ARM_GCC_493\Debug\PSoC_Grbl.a(CyLib.o)
                0x00006658                CyDelay
 .text.CyDelayUs
                0x00006684       0x14 .\CortexM3\ARM_GCC_493\Debug\PSoC_Grbl.a(CyLib.o)
                0x00006684                CyDelayUs
 .text.CyIntSetVector
                0x00006698       0x28 .\CortexM3\ARM_GCC_493\Debug\PSoC_Grbl.a(CyLib.o)
                0x00006698                CyIntSetVector
 .text.CyIntSetPriority
                0x000066c0       0x30 .\CortexM3\ARM_GCC_493\Debug\PSoC_Grbl.a(CyLib.o)
                0x000066c0                CyIntSetPriority
 .text.UART_Init
                0x000066f0       0x40 .\CortexM3\ARM_GCC_493\Debug\PSoC_Grbl.a(UART.o)
                0x000066f0                UART_Init
 .text.UART_Enable
                0x00006730       0x48 .\CortexM3\ARM_GCC_493\Debug\PSoC_Grbl.a(UART.o)
                0x00006730                UART_Enable
 .text.UART_Start
                0x00006778       0x1c .\CortexM3\ARM_GCC_493\Debug\PSoC_Grbl.a(UART.o)
                0x00006778                UART_Start
 .text.UART_GetChar
                0x00006794       0x2c .\CortexM3\ARM_GCC_493\Debug\PSoC_Grbl.a(UART.o)
                0x00006794                UART_GetChar
 .text.UART_PutChar
                0x000067c0       0x70 .\CortexM3\ARM_GCC_493\Debug\PSoC_Grbl.a(UART.o)
                0x000067c0                UART_PutChar
 .text.UART_PutString
                0x00006830       0x24 .\CortexM3\ARM_GCC_493\Debug\PSoC_Grbl.a(UART.o)
                0x00006830                UART_PutString
 .text.UART_TXISR
                0x00006854       0x58 .\CortexM3\ARM_GCC_493\Debug\PSoC_Grbl.a(UART_INT.o)
                0x00006854                UART_TXISR
 .text.isr_UART_Rx_SetVector
                0x000068ac        0xc .\CortexM3\ARM_GCC_493\Debug\PSoC_Grbl.a(isr_UART_Rx.o)
                0x000068ac                isr_UART_Rx_SetVector
 .text.isr_UART_Rx_SetPriority
                0x000068b8       0x10 .\CortexM3\ARM_GCC_493\Debug\PSoC_Grbl.a(isr_UART_Rx.o)
                0x000068b8                isr_UART_Rx_SetPriority
 .text.isr_UART_Rx_Enable
                0x000068c8        0xc .\CortexM3\ARM_GCC_493\Debug\PSoC_Grbl.a(isr_UART_Rx.o)
                0x000068c8                isr_UART_Rx_Enable
 .text.isr_UART_Rx_Disable
                0x000068d4        0xc .\CortexM3\ARM_GCC_493\Debug\PSoC_Grbl.a(isr_UART_Rx.o)
                0x000068d4                isr_UART_Rx_Disable
 .text.isr_UART_Rx_StartEx
                0x000068e0       0x1c .\CortexM3\ARM_GCC_493\Debug\PSoC_Grbl.a(isr_UART_Rx.o)
                0x000068e0                isr_UART_Rx_StartEx
 .text.UART_IntClock_Start
                0x000068fc       0x1c .\CortexM3\ARM_GCC_493\Debug\PSoC_Grbl.a(UART_IntClock.o)
                0x000068fc                UART_IntClock_Start
 .text.EEPROM_PSoC_Enable
                0x00006918        0xc .\CortexM3\ARM_GCC_493\Debug\PSoC_Grbl.a(EEPROM_PSoC.o)
                0x00006918                EEPROM_PSoC_Enable
 .text.EEPROM_PSoC_Start
                0x00006924        0x8 .\CortexM3\ARM_GCC_493\Debug\PSoC_Grbl.a(EEPROM_PSoC.o)
                0x00006924                EEPROM_PSoC_Start
 .text.EEPROM_PSoC_WriteByte
                0x0000692c       0xd4 .\CortexM3\ARM_GCC_493\Debug\PSoC_Grbl.a(EEPROM_PSoC.o)
                0x0000692c                EEPROM_PSoC_WriteByte
 .text.EEPROM_PSoC_ReadByte
                0x00006a00       0x28 .\CortexM3\ARM_GCC_493\Debug\PSoC_Grbl.a(EEPROM_PSoC.o)
                0x00006a00                EEPROM_PSoC_ReadByte
 .text.Control_Reg_Step_Write
                0x00006a28        0xc .\CortexM3\ARM_GCC_493\Debug\PSoC_Grbl.a(Control_Reg_Step.o)
                0x00006a28                Control_Reg_Step_Write
 .text.Clock_Step_Pulse_Start
                0x00006a34       0x1c .\CortexM3\ARM_GCC_493\Debug\PSoC_Grbl.a(Clock_Step_Pulse.o)
                0x00006a34                Clock_Step_Pulse_Start
 .text.Control_Reg_Dir_Write
                0x00006a50        0xc .\CortexM3\ARM_GCC_493\Debug\PSoC_Grbl.a(Control_Reg_Dir.o)
                0x00006a50                Control_Reg_Dir_Write
 .text.isr_Limits_SetVector
                0x00006a5c        0xc .\CortexM3\ARM_GCC_493\Debug\PSoC_Grbl.a(isr_Limits.o)
                0x00006a5c                isr_Limits_SetVector
 .text.isr_Limits_SetPriority
                0x00006a68       0x10 .\CortexM3\ARM_GCC_493\Debug\PSoC_Grbl.a(isr_Limits.o)
                0x00006a68                isr_Limits_SetPriority
 .text.isr_Limits_Enable
                0x00006a78        0xc .\CortexM3\ARM_GCC_493\Debug\PSoC_Grbl.a(isr_Limits.o)
                0x00006a78                isr_Limits_Enable
 .text.isr_Limits_Disable
                0x00006a84        0xc .\CortexM3\ARM_GCC_493\Debug\PSoC_Grbl.a(isr_Limits.o)
                0x00006a84                isr_Limits_Disable
 .text.isr_Limits_StartEx
                0x00006a90       0x1c .\CortexM3\ARM_GCC_493\Debug\PSoC_Grbl.a(isr_Limits.o)
                0x00006a90                isr_Limits_StartEx
 .text.isr_Limits_Stop
                0x00006aac       0x14 .\CortexM3\ARM_GCC_493\Debug\PSoC_Grbl.a(isr_Limits.o)
                0x00006aac                isr_Limits_Stop
 .text.isr_Control_SetVector
                0x00006ac0        0xc .\CortexM3\ARM_GCC_493\Debug\PSoC_Grbl.a(isr_Control.o)
                0x00006ac0                isr_Control_SetVector
 .text.isr_Control_SetPriority
                0x00006acc       0x10 .\CortexM3\ARM_GCC_493\Debug\PSoC_Grbl.a(isr_Control.o)
                0x00006acc                isr_Control_SetPriority
 .text.isr_Control_Enable
                0x00006adc        0xc .\CortexM3\ARM_GCC_493\Debug\PSoC_Grbl.a(isr_Control.o)
                0x00006adc                isr_Control_Enable
 .text.isr_Control_Disable
                0x00006ae8        0xc .\CortexM3\ARM_GCC_493\Debug\PSoC_Grbl.a(isr_Control.o)
                0x00006ae8                isr_Control_Disable
 .text.isr_Control_StartEx
                0x00006af4       0x1c .\CortexM3\ARM_GCC_493\Debug\PSoC_Grbl.a(isr_Control.o)
                0x00006af4                isr_Control_StartEx
 .text.isr_Control_ClearPending
                0x00006b10        0xc .\CortexM3\ARM_GCC_493\Debug\PSoC_Grbl.a(isr_Control.o)
                0x00006b10                isr_Control_ClearPending
 .text.Status_Control_Read
                0x00006b1c        0xc .\CortexM3\ARM_GCC_493\Debug\PSoC_Grbl.a(Status_Control.o)
                0x00006b1c                Status_Control_Read
 .text.Status_Control_InterruptEnable
                0x00006b28       0x1c .\CortexM3\ARM_GCC_493\Debug\PSoC_Grbl.a(Status_Control.o)
                0x00006b28                Status_Control_InterruptEnable
 .text.Status_Limit_Read
                0x00006b44        0xc .\CortexM3\ARM_GCC_493\Debug\PSoC_Grbl.a(Status_Limit.o)
                0x00006b44                Status_Limit_Read
 .text.Status_Limit_InterruptEnable
                0x00006b50       0x1c .\CortexM3\ARM_GCC_493\Debug\PSoC_Grbl.a(Status_Limit.o)
                0x00006b50                Status_Limit_InterruptEnable
 .text.Status_Limit_InterruptDisable
                0x00006b6c       0x1c .\CortexM3\ARM_GCC_493\Debug\PSoC_Grbl.a(Status_Limit.o)
                0x00006b6c                Status_Limit_InterruptDisable
 .text.Status_Probe_Read
                0x00006b88        0xc .\CortexM3\ARM_GCC_493\Debug\PSoC_Grbl.a(Status_Probe.o)
                0x00006b88                Status_Probe_Read
 .text.Control_Step_Enable_Write
                0x00006b94        0xc .\CortexM3\ARM_GCC_493\Debug\PSoC_Grbl.a(Control_Step_Enable.o)
                0x00006b94                Control_Step_Enable_Write
 .text.PWM_Spindle_Enable
                0x00006ba0       0x28 .\CortexM3\ARM_GCC_493\Debug\PSoC_Grbl.a(PWM_Spindle.o)
                0x00006ba0                PWM_Spindle_Enable
 .text.PWM_Spindle_WritePeriod
                0x00006bc8        0xc .\CortexM3\ARM_GCC_493\Debug\PSoC_Grbl.a(PWM_Spindle.o)
                0x00006bc8                PWM_Spindle_WritePeriod
 .text.PWM_Spindle_WriteCompare
                0x00006bd4        0xc .\CortexM3\ARM_GCC_493\Debug\PSoC_Grbl.a(PWM_Spindle.o)
                0x00006bd4                PWM_Spindle_WriteCompare
 .text.PWM_Spindle_SetInterruptMode
                0x00006be0        0xc .\CortexM3\ARM_GCC_493\Debug\PSoC_Grbl.a(PWM_Spindle.o)
                0x00006be0                PWM_Spindle_SetInterruptMode
 .text.PWM_Spindle_Init
                0x00006bec       0x74 .\CortexM3\ARM_GCC_493\Debug\PSoC_Grbl.a(PWM_Spindle.o)
                0x00006bec                PWM_Spindle_Init
 .text.PWM_Spindle_Start
                0x00006c60       0x1c .\CortexM3\ARM_GCC_493\Debug\PSoC_Grbl.a(PWM_Spindle.o)
                0x00006c60                PWM_Spindle_Start
 .text.Pin_Spindle_Direction_Write
                0x00006c7c       0x18 .\CortexM3\ARM_GCC_493\Debug\PSoC_Grbl.a(Pin_Spindle_Direction.o)
                0x00006c7c                Pin_Spindle_Direction_Write
 .text.Pin_Spindle_Direction_Read
                0x00006c94       0x10 .\CortexM3\ARM_GCC_493\Debug\PSoC_Grbl.a(Pin_Spindle_Direction.o)
                0x00006c94                Pin_Spindle_Direction_Read
 .text.Pin_Spindle_Enable_Read
                0x00006ca4       0x10 .\CortexM3\ARM_GCC_493\Debug\PSoC_Grbl.a(Pin_Spindle_Enable.o)
                0x00006ca4                Pin_Spindle_Enable_Read
 .text.Stepper_Timer_Enable
                0x00006cb4       0x28 .\CortexM3\ARM_GCC_493\Debug\PSoC_Grbl.a(Stepper_Timer.o)
                0x00006cb4                Stepper_Timer_Enable
 .text.Stepper_Timer_Stop
                0x00006cdc       0x28 .\CortexM3\ARM_GCC_493\Debug\PSoC_Grbl.a(Stepper_Timer.o)
                0x00006cdc                Stepper_Timer_Stop
 .text.Stepper_Timer_SetInterruptMode
                0x00006d04        0xc .\CortexM3\ARM_GCC_493\Debug\PSoC_Grbl.a(Stepper_Timer.o)
                0x00006d04                Stepper_Timer_SetInterruptMode
 .text.Stepper_Timer_ReadStatusRegister
                0x00006d10        0xc .\CortexM3\ARM_GCC_493\Debug\PSoC_Grbl.a(Stepper_Timer.o)
                0x00006d10                Stepper_Timer_ReadStatusRegister
 .text.Stepper_Timer_WritePeriod
                0x00006d1c        0xc .\CortexM3\ARM_GCC_493\Debug\PSoC_Grbl.a(Stepper_Timer.o)
                0x00006d1c                Stepper_Timer_WritePeriod
 .text.Stepper_Timer_WriteCounter
                0x00006d28        0xc .\CortexM3\ARM_GCC_493\Debug\PSoC_Grbl.a(Stepper_Timer.o)
                0x00006d28                Stepper_Timer_WriteCounter
 .text.Stepper_Timer_Init
                0x00006d34       0x68 .\CortexM3\ARM_GCC_493\Debug\PSoC_Grbl.a(Stepper_Timer.o)
                0x00006d34                Stepper_Timer_Init
 .text.Stepper_Timer_Start
                0x00006d9c       0x1c .\CortexM3\ARM_GCC_493\Debug\PSoC_Grbl.a(Stepper_Timer.o)
                0x00006d9c                Stepper_Timer_Start
 .text.isr_Step_SetVector
                0x00006db8       0x10 .\CortexM3\ARM_GCC_493\Debug\PSoC_Grbl.a(isr_Step.o)
                0x00006db8                isr_Step_SetVector
 .text.isr_Step_SetPriority
                0x00006dc8       0x10 .\CortexM3\ARM_GCC_493\Debug\PSoC_Grbl.a(isr_Step.o)
                0x00006dc8                isr_Step_SetPriority
 .text.isr_Step_Enable
                0x00006dd8       0x10 .\CortexM3\ARM_GCC_493\Debug\PSoC_Grbl.a(isr_Step.o)
                0x00006dd8                isr_Step_Enable
 .text.isr_Step_Disable
                0x00006de8       0x10 .\CortexM3\ARM_GCC_493\Debug\PSoC_Grbl.a(isr_Step.o)
                0x00006de8                isr_Step_Disable
 .text.isr_Step_StartEx
                0x00006df8       0x1c .\CortexM3\ARM_GCC_493\Debug\PSoC_Grbl.a(isr_Step.o)
                0x00006df8                isr_Step_StartEx
 .text.isr_LCD_Update_SetVector
                0x00006e14        0xc .\CortexM3\ARM_GCC_493\Debug\PSoC_Grbl.a(isr_LCD_Update.o)
                0x00006e14                isr_LCD_Update_SetVector
 .text.isr_LCD_Update_SetPriority
                0x00006e20       0x10 .\CortexM3\ARM_GCC_493\Debug\PSoC_Grbl.a(isr_LCD_Update.o)
                0x00006e20                isr_LCD_Update_SetPriority
 .text.isr_LCD_Update_Enable
                0x00006e30        0xc .\CortexM3\ARM_GCC_493\Debug\PSoC_Grbl.a(isr_LCD_Update.o)
                0x00006e30                isr_LCD_Update_Enable
 .text.isr_LCD_Update_Disable
                0x00006e3c        0xc .\CortexM3\ARM_GCC_493\Debug\PSoC_Grbl.a(isr_LCD_Update.o)
                0x00006e3c                isr_LCD_Update_Disable
 .text.isr_LCD_Update_StartEx
                0x00006e48       0x1c .\CortexM3\ARM_GCC_493\Debug\PSoC_Grbl.a(isr_LCD_Update.o)
                0x00006e48                isr_LCD_Update_StartEx
 .text.Flood_Coolant_Pin_Write
                0x00006e64       0x18 .\CortexM3\ARM_GCC_493\Debug\PSoC_Grbl.a(Flood_Coolant_Pin.o)
                0x00006e64                Flood_Coolant_Pin_Write
 .text.Flood_Coolant_Pin_Read
                0x00006e7c        0xc .\CortexM3\ARM_GCC_493\Debug\PSoC_Grbl.a(Flood_Coolant_Pin.o)
                0x00006e7c                Flood_Coolant_Pin_Read
 .text.Mist_Coolant_Pin_Write
                0x00006e88       0x18 .\CortexM3\ARM_GCC_493\Debug\PSoC_Grbl.a(Mist_Coolant_Pin.o)
                0x00006e88                Mist_Coolant_Pin_Write
 .text.Mist_Coolant_Pin_Read
                0x00006ea0       0x10 .\CortexM3\ARM_GCC_493\Debug\PSoC_Grbl.a(Mist_Coolant_Pin.o)
                0x00006ea0                Mist_Coolant_Pin_Read
 .text.QuadDec_GetCounter
                0x00006eb0       0x10 .\CortexM3\ARM_GCC_493\Debug\PSoC_Grbl.a(QuadDec.o)
                0x00006eb0                QuadDec_GetCounter
 .text.QuadDec_SetCounter
                0x00006ec0       0x1c .\CortexM3\ARM_GCC_493\Debug\PSoC_Grbl.a(QuadDec.o)
                0x00006ec0                QuadDec_SetCounter
 .text.QuadDec_GetEvents
                0x00006edc       0x10 .\CortexM3\ARM_GCC_493\Debug\PSoC_Grbl.a(QuadDec.o)
                0x00006edc                QuadDec_GetEvents
 .text.QuadDec_SetInterruptMask
                0x00006eec        0xc .\CortexM3\ARM_GCC_493\Debug\PSoC_Grbl.a(QuadDec.o)
                0x00006eec                QuadDec_SetInterruptMask
 .text.QuadDec_Enable
                0x00006ef8       0x24 .\CortexM3\ARM_GCC_493\Debug\PSoC_Grbl.a(QuadDec.o)
                0x00006ef8                QuadDec_Enable
 .text.QuadDec_Start
                0x00006f1c       0x24 .\CortexM3\ARM_GCC_493\Debug\PSoC_Grbl.a(QuadDec.o)
                0x00006f1c                QuadDec_Start
 .text.QuadDec_Cnt16_Enable
                0x00006f40       0x10 .\CortexM3\ARM_GCC_493\Debug\PSoC_Grbl.a(QuadDec_Cnt16.o)
                0x00006f40                QuadDec_Cnt16_Enable
 .text.QuadDec_Cnt16_SetInterruptMode
                0x00006f50        0xc .\CortexM3\ARM_GCC_493\Debug\PSoC_Grbl.a(QuadDec_Cnt16.o)
                0x00006f50                QuadDec_Cnt16_SetInterruptMode
 .text.QuadDec_Cnt16_ReadStatusRegister
                0x00006f5c        0xc .\CortexM3\ARM_GCC_493\Debug\PSoC_Grbl.a(QuadDec_Cnt16.o)
                0x00006f5c                QuadDec_Cnt16_ReadStatusRegister
 .text.QuadDec_Cnt16_WriteCounter
                0x00006f68        0xc .\CortexM3\ARM_GCC_493\Debug\PSoC_Grbl.a(QuadDec_Cnt16.o)
                0x00006f68                QuadDec_Cnt16_WriteCounter
 .text.QuadDec_Cnt16_ReadCounter
                0x00006f74       0x14 .\CortexM3\ARM_GCC_493\Debug\PSoC_Grbl.a(QuadDec_Cnt16.o)
                0x00006f74                QuadDec_Cnt16_ReadCounter
 .text.QuadDec_Cnt16_ReadCapture
                0x00006f88        0xc .\CortexM3\ARM_GCC_493\Debug\PSoC_Grbl.a(QuadDec_Cnt16.o)
                0x00006f88                QuadDec_Cnt16_ReadCapture
 .text.QuadDec_Cnt16_WritePeriod
                0x00006f94        0xc .\CortexM3\ARM_GCC_493\Debug\PSoC_Grbl.a(QuadDec_Cnt16.o)
                0x00006f94                QuadDec_Cnt16_WritePeriod
 .text.QuadDec_Cnt16_WriteCompare
                0x00006fa0        0xc .\CortexM3\ARM_GCC_493\Debug\PSoC_Grbl.a(QuadDec_Cnt16.o)
                0x00006fa0                QuadDec_Cnt16_WriteCompare
 .text.QuadDec_Cnt16_ClearFIFO
                0x00006fac       0x14 .\CortexM3\ARM_GCC_493\Debug\PSoC_Grbl.a(QuadDec_Cnt16.o)
                0x00006fac                QuadDec_Cnt16_ClearFIFO
 .text.QuadDec_Cnt16_Init
                0x00006fc0       0x58 .\CortexM3\ARM_GCC_493\Debug\PSoC_Grbl.a(QuadDec_Cnt16.o)
                0x00006fc0                QuadDec_Cnt16_Init
 .text.QuadDec_Cnt16_Start
                0x00007018       0x1c .\CortexM3\ARM_GCC_493\Debug\PSoC_Grbl.a(QuadDec_Cnt16.o)
                0x00007018                QuadDec_Cnt16_Start
 .text.isr_Enc_Sw_SetVector
                0x00007034        0xc .\CortexM3\ARM_GCC_493\Debug\PSoC_Grbl.a(isr_Enc_Sw.o)
                0x00007034                isr_Enc_Sw_SetVector
 .text.isr_Enc_Sw_SetPriority
                0x00007040       0x10 .\CortexM3\ARM_GCC_493\Debug\PSoC_Grbl.a(isr_Enc_Sw.o)
                0x00007040                isr_Enc_Sw_SetPriority
 .text.isr_Enc_Sw_Enable
                0x00007050        0xc .\CortexM3\ARM_GCC_493\Debug\PSoC_Grbl.a(isr_Enc_Sw.o)
                0x00007050                isr_Enc_Sw_Enable
 .text.isr_Enc_Sw_Disable
                0x0000705c        0xc .\CortexM3\ARM_GCC_493\Debug\PSoC_Grbl.a(isr_Enc_Sw.o)
                0x0000705c                isr_Enc_Sw_Disable
 .text.isr_Enc_Sw_StartEx
                0x00007068       0x1c .\CortexM3\ARM_GCC_493\Debug\PSoC_Grbl.a(isr_Enc_Sw.o)
                0x00007068                isr_Enc_Sw_StartEx
 *fill*         0x00007084        0x4 
 .text          0x00007088       0x20 .\CortexM3\ARM_GCC_493\Debug\PSoC_Grbl.a(CyBootAsmGnu.o)
                0x00007088                CyDelayCycles
                0x00007098                CyEnterCriticalSection
                0x000070a0                CyExitCriticalSection
 .text.CyFlashGetSpcAlgorithm
                0x000070a8       0x4c .\CortexM3\ARM_GCC_493\Debug\PSoC_Grbl.a(CyFlash.o)
 .text.CySetTempInt
                0x000070f4       0x60 .\CortexM3\ARM_GCC_493\Debug\PSoC_Grbl.a(CyFlash.o)
 .text.CySetTemp
                0x00007154       0x14 .\CortexM3\ARM_GCC_493\Debug\PSoC_Grbl.a(CyFlash.o)
                0x00007154                CySetTemp
 .text.CyEEPROM_Start
                0x00007168       0x54 .\CortexM3\ARM_GCC_493\Debug\PSoC_Grbl.a(CyFlash.o)
                0x00007168                CyEEPROM_Start
 .text.CyEEPROM_ReadReserve
                0x000071bc       0x1c .\CortexM3\ARM_GCC_493\Debug\PSoC_Grbl.a(CyFlash.o)
                0x000071bc                CyEEPROM_ReadReserve
 .text.CyEEPROM_ReadRelease
                0x000071d8       0x10 .\CortexM3\ARM_GCC_493\Debug\PSoC_Grbl.a(CyFlash.o)
                0x000071d8                CyEEPROM_ReadRelease
 .text.CySpcStart
                0x000071e8       0x24 .\CortexM3\ARM_GCC_493\Debug\PSoC_Grbl.a(CySpc.o)
                0x000071e8                CySpcStart
 .text.CySpcReadData
                0x0000720c       0x34 .\CortexM3\ARM_GCC_493\Debug\PSoC_Grbl.a(CySpc.o)
                0x0000720c                CySpcReadData
 .text.CySpcLoadMultiByte
                0x00007240       0x78 .\CortexM3\ARM_GCC_493\Debug\PSoC_Grbl.a(CySpc.o)
                0x00007240                CySpcLoadMultiByte
 .text.CySpcWriteRow
                0x000072b8       0x4c .\CortexM3\ARM_GCC_493\Debug\PSoC_Grbl.a(CySpc.o)
                0x000072b8                CySpcWriteRow
 .text.CySpcGetTemp
                0x00007304       0x3c .\CortexM3\ARM_GCC_493\Debug\PSoC_Grbl.a(CySpc.o)
                0x00007304                CySpcGetTemp
 .text.CySpcLock
                0x00007340       0x4c .\CortexM3\ARM_GCC_493\Debug\PSoC_Grbl.a(CySpc.o)
                0x00007340                CySpcLock
 .text.CySpcUnlock
                0x0000738c       0x38 .\CortexM3\ARM_GCC_493\Debug\PSoC_Grbl.a(CySpc.o)
                0x0000738c                CySpcUnlock
 .text.CySpcGetAlgorithm
                0x000073c4       0x28 .\CortexM3\ARM_GCC_493\Debug\PSoC_Grbl.a(CySpc.o)
                0x000073c4                CySpcGetAlgorithm
 *fill*         0x000073ec        0x4 
 .text.ceil     0x000073f0      0x110 d:/program files (x86)/cypress/psoc creator/4.0/psoc creator/import/gnu/arm/4.9.3/bin/../lib/gcc/arm-none-eabi/4.9.3/../../../../arm-none-eabi/lib/armv7-m\libm.a(lib_a-s_ceil.o)
                0x000073f0                ceil
 .text.cos      0x00007500       0x90 d:/program files (x86)/cypress/psoc creator/4.0/psoc creator/import/gnu/arm/4.9.3/bin/../lib/gcc/arm-none-eabi/4.9.3/../../../../arm-none-eabi/lib/armv7-m\libm.a(lib_a-s_cos.o)
                0x00007500                cos
 .text.floor    0x00007590      0x118 d:/program files (x86)/cypress/psoc creator/4.0/psoc creator/import/gnu/arm/4.9.3/bin/../lib/gcc/arm-none-eabi/4.9.3/../../../../arm-none-eabi/lib/armv7-m\libm.a(lib_a-s_floor.o)
                0x00007590                floor
 .text.lround   0x000076a8       0x90 d:/program files (x86)/cypress/psoc creator/4.0/psoc creator/import/gnu/arm/4.9.3/bin/../lib/gcc/arm-none-eabi/4.9.3/../../../../arm-none-eabi/lib/armv7-m\libm.a(lib_a-s_lround.o)
                0x000076a8                lround
 .text.round    0x00007738       0xa0 d:/program files (x86)/cypress/psoc creator/4.0/psoc creator/import/gnu/arm/4.9.3/bin/../lib/gcc/arm-none-eabi/4.9.3/../../../../arm-none-eabi/lib/armv7-m\libm.a(lib_a-s_round.o)
                0x00007738                round
 .text.sin      0x000077d8       0x94 d:/program files (x86)/cypress/psoc creator/4.0/psoc creator/import/gnu/arm/4.9.3/bin/../lib/gcc/arm-none-eabi/4.9.3/../../../../arm-none-eabi/lib/armv7-m\libm.a(lib_a-s_sin.o)
                0x000077d8                sin
 .text.trunc    0x0000786c       0x74 d:/program files (x86)/cypress/psoc creator/4.0/psoc creator/import/gnu/arm/4.9.3/bin/../lib/gcc/arm-none-eabi/4.9.3/../../../../arm-none-eabi/lib/armv7-m\libm.a(lib_a-s_trunc.o)
                0x0000786c                trunc
 .text.atan2    0x000078e0        0x4 d:/program files (x86)/cypress/psoc creator/4.0/psoc creator/import/gnu/arm/4.9.3/bin/../lib/gcc/arm-none-eabi/4.9.3/../../../../arm-none-eabi/lib/armv7-m\libm.a(lib_a-w_atan2.o)
                0x000078e0                atan2
 .text.sqrt     0x000078e4       0xac d:/program files (x86)/cypress/psoc creator/4.0/psoc creator/import/gnu/arm/4.9.3/bin/../lib/gcc/arm-none-eabi/4.9.3/../../../../arm-none-eabi/lib/armv7-m\libm.a(lib_a-w_sqrt.o)
                0x000078e4                sqrt
 .text.__ieee754_atan2
                0x00007990      0x1b8 d:/program files (x86)/cypress/psoc creator/4.0/psoc creator/import/gnu/arm/4.9.3/bin/../lib/gcc/arm-none-eabi/4.9.3/../../../../arm-none-eabi/lib/armv7-m\libm.a(lib_a-e_atan2.o)
                0x00007990                __ieee754_atan2
 .text.__ieee754_rem_pio2
                0x00007b48      0x428 d:/program files (x86)/cypress/psoc creator/4.0/psoc creator/import/gnu/arm/4.9.3/bin/../lib/gcc/arm-none-eabi/4.9.3/../../../../arm-none-eabi/lib/armv7-m\libm.a(lib_a-e_rem_pio2.o)
                0x00007b48                __ieee754_rem_pio2
 .text.__ieee754_sqrt
                0x00007f70      0x18c d:/program files (x86)/cypress/psoc creator/4.0/psoc creator/import/gnu/arm/4.9.3/bin/../lib/gcc/arm-none-eabi/4.9.3/../../../../arm-none-eabi/lib/armv7-m\libm.a(lib_a-e_sqrt.o)
                0x00007f70                __ieee754_sqrt
 *fill*         0x000080fc        0x4 
 .text.__kernel_cos
                0x00008100      0x248 d:/program files (x86)/cypress/psoc creator/4.0/psoc creator/import/gnu/arm/4.9.3/bin/../lib/gcc/arm-none-eabi/4.9.3/../../../../arm-none-eabi/lib/armv7-m\libm.a(lib_a-k_cos.o)
                0x00008100                __kernel_cos
 .text.__kernel_rem_pio2
                0x00008348      0x808 d:/program files (x86)/cypress/psoc creator/4.0/psoc creator/import/gnu/arm/4.9.3/bin/../lib/gcc/arm-none-eabi/4.9.3/../../../../arm-none-eabi/lib/armv7-m\libm.a(lib_a-k_rem_pio2.o)
                0x00008348                __kernel_rem_pio2
 .text.__kernel_sin
                0x00008b50      0x170 d:/program files (x86)/cypress/psoc creator/4.0/psoc creator/import/gnu/arm/4.9.3/bin/../lib/gcc/arm-none-eabi/4.9.3/../../../../arm-none-eabi/lib/armv7-m\libm.a(lib_a-k_sin.o)
                0x00008b50                __kernel_sin
 .text.atan     0x00008cc0      0x338 d:/program files (x86)/cypress/psoc creator/4.0/psoc creator/import/gnu/arm/4.9.3/bin/../lib/gcc/arm-none-eabi/4.9.3/../../../../arm-none-eabi/lib/armv7-m\libm.a(lib_a-s_atan.o)
                0x00008cc0                atan
 .text.fabs     0x00008ff8        0x8 d:/program files (x86)/cypress/psoc creator/4.0/psoc creator/import/gnu/arm/4.9.3/bin/../lib/gcc/arm-none-eabi/4.9.3/../../../../arm-none-eabi/lib/armv7-m\libm.a(lib_a-s_fabs.o)
                0x00008ff8                fabs
 .text.__fpclassifyd
                0x00009000       0x58 d:/program files (x86)/cypress/psoc creator/4.0/psoc creator/import/gnu/arm/4.9.3/bin/../lib/gcc/arm-none-eabi/4.9.3/../../../../arm-none-eabi/lib/armv7-m\libm.a(lib_a-s_fpclassify.o)
                0x00009000                __fpclassifyd
 .text.matherr  0x00009058        0x4 d:/program files (x86)/cypress/psoc creator/4.0/psoc creator/import/gnu/arm/4.9.3/bin/../lib/gcc/arm-none-eabi/4.9.3/../../../../arm-none-eabi/lib/armv7-m\libm.a(lib_a-s_matherr.o)
                0x00009058                matherr
 *fill*         0x0000905c        0x4 
 .text.scalbn   0x00009060       0xf0 d:/program files (x86)/cypress/psoc creator/4.0/psoc creator/import/gnu/arm/4.9.3/bin/../lib/gcc/arm-none-eabi/4.9.3/../../../../arm-none-eabi/lib/armv7-m\libm.a(lib_a-s_scalbn.o)
                0x00009060                scalbn
 .text.copysign
                0x00009150       0x10 d:/program files (x86)/cypress/psoc creator/4.0/psoc creator/import/gnu/arm/4.9.3/bin/../lib/gcc/arm-none-eabi/4.9.3/../../../../arm-none-eabi/lib/armv7-m\libm.a(lib_a-s_copysign.o)
                0x00009150                copysign
 .text          0x00009160      0x370 d:/program files (x86)/cypress/psoc creator/4.0/psoc creator/import/gnu/arm/4.9.3/bin/../lib/gcc/arm-none-eabi/4.9.3/armv7-m\libgcc.a(_arm_addsubdf3.o)
                0x00009160                __aeabi_drsub
                0x00009168                __aeabi_dsub
                0x00009168                __subdf3
                0x0000916c                __aeabi_dadd
                0x0000916c                __adddf3
                0x000093e4                __floatunsidf
                0x000093e4                __aeabi_ui2d
                0x00009404                __floatsidf
                0x00009404                __aeabi_i2d
                0x00009428                __aeabi_f2d
                0x00009428                __extendsfdf2
                0x00009464                __floatundidf
                0x00009464                __aeabi_ul2d
                0x00009474                __floatdidf
                0x00009474                __aeabi_l2d
 .text          0x000094d0      0x424 d:/program files (x86)/cypress/psoc creator/4.0/psoc creator/import/gnu/arm/4.9.3/bin/../lib/gcc/arm-none-eabi/4.9.3/armv7-m\libgcc.a(_arm_muldivdf3.o)
                0x000094d0                __aeabi_dmul
                0x000094d0                __muldf3
                0x00009724                __divdf3
                0x00009724                __aeabi_ddiv
 .text          0x000098f4      0x110 d:/program files (x86)/cypress/psoc creator/4.0/psoc creator/import/gnu/arm/4.9.3/bin/../lib/gcc/arm-none-eabi/4.9.3/armv7-m\libgcc.a(_arm_cmpdf2.o)
                0x000098f4                __gtdf2
                0x000098f4                __gedf2
                0x000098fc                __ltdf2
                0x000098fc                __ledf2
                0x00009904                __nedf2
                0x00009904                __eqdf2
                0x00009904                __cmpdf2
                0x00009980                __aeabi_cdrcmple
                0x00009990                __aeabi_cdcmpeq
                0x00009990                __aeabi_cdcmple
                0x000099a0                __aeabi_dcmpeq
                0x000099b4                __aeabi_dcmplt
                0x000099c8                __aeabi_dcmple
                0x000099dc                __aeabi_dcmpge
                0x000099f0                __aeabi_dcmpgt
 .text          0x00009a04       0x50 d:/program files (x86)/cypress/psoc creator/4.0/psoc creator/import/gnu/arm/4.9.3/bin/../lib/gcc/arm-none-eabi/4.9.3/armv7-m\libgcc.a(_arm_fixdfsi.o)
                0x00009a04                __aeabi_d2iz
                0x00009a04                __fixdfsi
 .text          0x00009a54       0x40 d:/program files (x86)/cypress/psoc creator/4.0/psoc creator/import/gnu/arm/4.9.3/bin/../lib/gcc/arm-none-eabi/4.9.3/armv7-m\libgcc.a(_arm_fixunsdfsi.o)
                0x00009a54                __aeabi_d2uiz
                0x00009a54                __fixunsdfsi
 .text          0x00009a94       0xa0 d:/program files (x86)/cypress/psoc creator/4.0/psoc creator/import/gnu/arm/4.9.3/bin/../lib/gcc/arm-none-eabi/4.9.3/armv7-m\libgcc.a(_arm_truncdfsf2.o)
                0x00009a94                __truncdfsf2
                0x00009a94                __aeabi_d2f
 .text          0x00009b34      0x21c d:/program files (x86)/cypress/psoc creator/4.0/psoc creator/import/gnu/arm/4.9.3/bin/../lib/gcc/arm-none-eabi/4.9.3/armv7-m\libgcc.a(_arm_addsubsf3.o)
                0x00009b34                __aeabi_frsub
                0x00009b3c                __subsf3
                0x00009b3c                __aeabi_fsub
                0x00009b40                __aeabi_fadd
                0x00009b40                __addsf3
                0x00009ca0                __aeabi_ui2f
                0x00009ca0                __floatunsisf
                0x00009ca8                __aeabi_i2f
                0x00009ca8                __floatsisf
                0x00009cc4                __aeabi_ul2f
                0x00009cc4                __floatundisf
                0x00009cd4                __aeabi_l2f
                0x00009cd4                __floatdisf
 .text          0x00009d50      0x2a0 d:/program files (x86)/cypress/psoc creator/4.0/psoc creator/import/gnu/arm/4.9.3/bin/../lib/gcc/arm-none-eabi/4.9.3/armv7-m\libgcc.a(_arm_muldivsf3.o)
                0x00009d50                __mulsf3
                0x00009d50                __aeabi_fmul
                0x00009eb8                __aeabi_fdiv
                0x00009eb8                __divsf3
 .text          0x00009ff0       0xec d:/program files (x86)/cypress/psoc creator/4.0/psoc creator/import/gnu/arm/4.9.3/bin/../lib/gcc/arm-none-eabi/4.9.3/armv7-m\libgcc.a(_arm_cmpsf2.o)
                0x00009ff0                __gesf2
                0x00009ff0                __gtsf2
                0x00009ff8                __lesf2
                0x00009ff8                __ltsf2
                0x0000a000                __nesf2
                0x0000a000                __eqsf2
                0x0000a000                __cmpsf2
                0x0000a060                __aeabi_cfrcmple
                0x0000a068                __aeabi_cfcmpeq
                0x0000a068                __aeabi_cfcmple
                0x0000a078                __aeabi_fcmpeq
                0x0000a08c                __aeabi_fcmplt
                0x0000a0a0                __aeabi_fcmple
                0x0000a0b4                __aeabi_fcmpge
                0x0000a0c8                __aeabi_fcmpgt
 .text          0x0000a0dc       0x4c d:/program files (x86)/cypress/psoc creator/4.0/psoc creator/import/gnu/arm/4.9.3/bin/../lib/gcc/arm-none-eabi/4.9.3/armv7-m\libgcc.a(_arm_fixsfsi.o)
                0x0000a0dc                __aeabi_f2iz
                0x0000a0dc                __fixsfsi
 .text          0x0000a128       0x40 d:/program files (x86)/cypress/psoc creator/4.0/psoc creator/import/gnu/arm/4.9.3/bin/../lib/gcc/arm-none-eabi/4.9.3/armv7-m\libgcc.a(_arm_fixunssfsi.o)
                0x0000a128                __fixunssfsi
                0x0000a128                __aeabi_f2uiz
 .text.__errno  0x0000a168        0xc d:/program files (x86)/cypress/psoc creator/4.0/psoc creator/import/gnu/arm/4.9.3/bin/../lib/gcc/arm-none-eabi/4.9.3/../../../../arm-none-eabi/lib/armv7-m\libg_nano.a(lib_a-errno.o)
                0x0000a168                __errno
 .text.__libc_init_array
                0x0000a174       0x4c d:/program files (x86)/cypress/psoc creator/4.0/psoc creator/import/gnu/arm/4.9.3/bin/../lib/gcc/arm-none-eabi/4.9.3/../../../../arm-none-eabi/lib/armv7-m\libg_nano.a(lib_a-init.o)
                0x0000a174                __libc_init_array
 .text.memcmp   0x0000a1c0       0x20 d:/program files (x86)/cypress/psoc creator/4.0/psoc creator/import/gnu/arm/4.9.3/bin/../lib/gcc/arm-none-eabi/4.9.3/../../../../arm-none-eabi/lib/armv7-m\libg_nano.a(lib_a-memcmp.o)
                0x0000a1c0                memcmp
 .text.memcpy   0x0000a1e0       0x16 d:/program files (x86)/cypress/psoc creator/4.0/psoc creator/import/gnu/arm/4.9.3/bin/../lib/gcc/arm-none-eabi/4.9.3/../../../../arm-none-eabi/lib/armv7-m\libg_nano.a(lib_a-memcpy.o)
                0x0000a1e0                memcpy
 .text.memset   0x0000a1f6       0x10 d:/program files (x86)/cypress/psoc creator/4.0/psoc creator/import/gnu/arm/4.9.3/bin/../lib/gcc/arm-none-eabi/4.9.3/../../../../arm-none-eabi/lib/armv7-m\libg_nano.a(lib_a-memset.o)
                0x0000a1f6                memset
 .text.__cvt    0x0000a206       0xbc d:/program files (x86)/cypress/psoc creator/4.0/psoc creator/import/gnu/arm/4.9.3/bin/../lib/gcc/arm-none-eabi/4.9.3/../../../../arm-none-eabi/lib/armv7-m\libg_nano.a(lib_a-nano-vfprintf_float.o)
                0x0000a206                __cvt
 .text.__exponent
                0x0000a2c2       0x62 d:/program files (x86)/cypress/psoc creator/4.0/psoc creator/import/gnu/arm/4.9.3/bin/../lib/gcc/arm-none-eabi/4.9.3/../../../../arm-none-eabi/lib/armv7-m\libg_nano.a(lib_a-nano-vfprintf_float.o)
                0x0000a2c2                __exponent
 .text._printf_float
                0x0000a324      0x48c d:/program files (x86)/cypress/psoc creator/4.0/psoc creator/import/gnu/arm/4.9.3/bin/../lib/gcc/arm-none-eabi/4.9.3/../../../../arm-none-eabi/lib/armv7-m\libg_nano.a(lib_a-nano-vfprintf_float.o)
                0x0000a324                _printf_float
 .text._printf_common
                0x0000a7b0       0xea d:/program files (x86)/cypress/psoc creator/4.0/psoc creator/import/gnu/arm/4.9.3/bin/../lib/gcc/arm-none-eabi/4.9.3/../../../../arm-none-eabi/lib/armv7-m\libg_nano.a(lib_a-nano-vfprintf_i.o)
                0x0000a7b0                _printf_common
 *fill*         0x0000a89a        0x2 
 .text._printf_i
                0x0000a89c      0x240 d:/program files (x86)/cypress/psoc creator/4.0/psoc creator/import/gnu/arm/4.9.3/bin/../lib/gcc/arm-none-eabi/4.9.3/../../../../arm-none-eabi/lib/armv7-m\libg_nano.a(lib_a-nano-vfprintf_i.o)
                0x0000a89c                _printf_i
 .text.sprintf  0x0000aadc       0x48 d:/program files (x86)/cypress/psoc creator/4.0/psoc creator/import/gnu/arm/4.9.3/bin/../lib/gcc/arm-none-eabi/4.9.3/../../../../arm-none-eabi/lib/armv7-m\libg_nano.a(lib_a-sprintf.o)
                0x0000aadc                siprintf
                0x0000aadc                sprintf
 .text.strcat   0x0000ab24       0x1e d:/program files (x86)/cypress/psoc creator/4.0/psoc creator/import/gnu/arm/4.9.3/bin/../lib/gcc/arm-none-eabi/4.9.3/../../../../arm-none-eabi/lib/armv7-m\libg_nano.a(lib_a-strcat.o)
                0x0000ab24                strcat
 .text.strlen   0x0000ab42       0x10 d:/program files (x86)/cypress/psoc creator/4.0/psoc creator/import/gnu/arm/4.9.3/bin/../lib/gcc/arm-none-eabi/4.9.3/../../../../arm-none-eabi/lib/armv7-m\libg_nano.a(lib_a-strlen.o)
                0x0000ab42                strlen
 .text.quorem   0x0000ab52      0x114 d:/program files (x86)/cypress/psoc creator/4.0/psoc creator/import/gnu/arm/4.9.3/bin/../lib/gcc/arm-none-eabi/4.9.3/../../../../arm-none-eabi/lib/armv7-m\libg_nano.a(lib_a-dtoa.o)
 *fill*         0x0000ac66        0x2 
 .text._dtoa_r  0x0000ac68      0xb78 d:/program files (x86)/cypress/psoc creator/4.0/psoc creator/import/gnu/arm/4.9.3/bin/../lib/gcc/arm-none-eabi/4.9.3/../../../../arm-none-eabi/lib/armv7-m\libg_nano.a(lib_a-dtoa.o)
                0x0000ac68                _dtoa_r
 .text._localeconv_r
                0x0000b7e0        0x8 d:/program files (x86)/cypress/psoc creator/4.0/psoc creator/import/gnu/arm/4.9.3/bin/../lib/gcc/arm-none-eabi/4.9.3/../../../../arm-none-eabi/lib/armv7-m\libg_nano.a(lib_a-locale.o)
                0x0000b7e0                _localeconv_r
 .text.malloc   0x0000b7e8       0x10 d:/program files (x86)/cypress/psoc creator/4.0/psoc creator/import/gnu/arm/4.9.3/bin/../lib/gcc/arm-none-eabi/4.9.3/../../../../arm-none-eabi/lib/armv7-m\libg_nano.a(lib_a-malloc.o)
                0x0000b7e8                malloc
 .text.memchr   0x0000b7f8       0x1c d:/program files (x86)/cypress/psoc creator/4.0/psoc creator/import/gnu/arm/4.9.3/bin/../lib/gcc/arm-none-eabi/4.9.3/../../../../arm-none-eabi/lib/armv7-m\libg_nano.a(lib_a-memchr.o)
                0x0000b7f8                memchr
 .text._Balloc  0x0000b814       0x6a d:/program files (x86)/cypress/psoc creator/4.0/psoc creator/import/gnu/arm/4.9.3/bin/../lib/gcc/arm-none-eabi/4.9.3/../../../../arm-none-eabi/lib/armv7-m\libg_nano.a(lib_a-mprec.o)
                0x0000b814                _Balloc
 .text._Bfree   0x0000b87e       0x2e d:/program files (x86)/cypress/psoc creator/4.0/psoc creator/import/gnu/arm/4.9.3/bin/../lib/gcc/arm-none-eabi/4.9.3/../../../../arm-none-eabi/lib/armv7-m\libg_nano.a(lib_a-mprec.o)
                0x0000b87e                _Bfree
 .text.__multadd
                0x0000b8ac       0x7c d:/program files (x86)/cypress/psoc creator/4.0/psoc creator/import/gnu/arm/4.9.3/bin/../lib/gcc/arm-none-eabi/4.9.3/../../../../arm-none-eabi/lib/armv7-m\libg_nano.a(lib_a-mprec.o)
                0x0000b8ac                __multadd
 .text.__hi0bits
                0x0000b928       0x40 d:/program files (x86)/cypress/psoc creator/4.0/psoc creator/import/gnu/arm/4.9.3/bin/../lib/gcc/arm-none-eabi/4.9.3/../../../../arm-none-eabi/lib/armv7-m\libg_nano.a(lib_a-mprec.o)
                0x0000b928                __hi0bits
 .text.__lo0bits
                0x0000b968       0x5a d:/program files (x86)/cypress/psoc creator/4.0/psoc creator/import/gnu/arm/4.9.3/bin/../lib/gcc/arm-none-eabi/4.9.3/../../../../arm-none-eabi/lib/armv7-m\libg_nano.a(lib_a-mprec.o)
                0x0000b968                __lo0bits
 .text.__i2b    0x0000b9c2       0x12 d:/program files (x86)/cypress/psoc creator/4.0/psoc creator/import/gnu/arm/4.9.3/bin/../lib/gcc/arm-none-eabi/4.9.3/../../../../arm-none-eabi/lib/armv7-m\libg_nano.a(lib_a-mprec.o)
                0x0000b9c2                __i2b
 .text.__multiply
                0x0000b9d4      0x120 d:/program files (x86)/cypress/psoc creator/4.0/psoc creator/import/gnu/arm/4.9.3/bin/../lib/gcc/arm-none-eabi/4.9.3/../../../../arm-none-eabi/lib/armv7-m\libg_nano.a(lib_a-mprec.o)
                0x0000b9d4                __multiply
 .text.__pow5mult
                0x0000baf4       0x9c d:/program files (x86)/cypress/psoc creator/4.0/psoc creator/import/gnu/arm/4.9.3/bin/../lib/gcc/arm-none-eabi/4.9.3/../../../../arm-none-eabi/lib/armv7-m\libg_nano.a(lib_a-mprec.o)
                0x0000baf4                __pow5mult
 .text.__lshift
                0x0000bb90       0xa6 d:/program files (x86)/cypress/psoc creator/4.0/psoc creator/import/gnu/arm/4.9.3/bin/../lib/gcc/arm-none-eabi/4.9.3/../../../../arm-none-eabi/lib/armv7-m\libg_nano.a(lib_a-mprec.o)
                0x0000bb90                __lshift
 .text.__mcmp   0x0000bc36       0x38 d:/program files (x86)/cypress/psoc creator/4.0/psoc creator/import/gnu/arm/4.9.3/bin/../lib/gcc/arm-none-eabi/4.9.3/../../../../arm-none-eabi/lib/armv7-m\libg_nano.a(lib_a-mprec.o)
                0x0000bc36                __mcmp
 .text.__mdiff  0x0000bc6e       0xbe d:/program files (x86)/cypress/psoc creator/4.0/psoc creator/import/gnu/arm/4.9.3/bin/../lib/gcc/arm-none-eabi/4.9.3/../../../../arm-none-eabi/lib/armv7-m\libg_nano.a(lib_a-mprec.o)
                0x0000bc6e                __mdiff
 .text.__d2b    0x0000bd2c       0xa4 d:/program files (x86)/cypress/psoc creator/4.0/psoc creator/import/gnu/arm/4.9.3/bin/../lib/gcc/arm-none-eabi/4.9.3/../../../../arm-none-eabi/lib/armv7-m\libg_nano.a(lib_a-mprec.o)
                0x0000bd2c                __d2b
 .text._calloc_r
                0x0000bdd0       0x1c d:/program files (x86)/cypress/psoc creator/4.0/psoc creator/import/gnu/arm/4.9.3/bin/../lib/gcc/arm-none-eabi/4.9.3/../../../../arm-none-eabi/lib/armv7-m\libg_nano.a(lib_a-nano-callocr.o)
                0x0000bdd0                _calloc_r
 .text._free_r  0x0000bdec       0x88 d:/program files (x86)/cypress/psoc creator/4.0/psoc creator/import/gnu/arm/4.9.3/bin/../lib/gcc/arm-none-eabi/4.9.3/../../../../arm-none-eabi/lib/armv7-m\libg_nano.a(lib_a-nano-freer.o)
                0x0000bdec                _free_r
 .text._malloc_r
                0x0000be74       0xac d:/program files (x86)/cypress/psoc creator/4.0/psoc creator/import/gnu/arm/4.9.3/bin/../lib/gcc/arm-none-eabi/4.9.3/../../../../arm-none-eabi/lib/armv7-m\libg_nano.a(lib_a-nano-mallocr.o)
                0x0000be74                _malloc_r
 .text.__ssputs_r
                0x0000bf20       0xb2 d:/program files (x86)/cypress/psoc creator/4.0/psoc creator/import/gnu/arm/4.9.3/bin/../lib/gcc/arm-none-eabi/4.9.3/../../../../arm-none-eabi/lib/armv7-m\libg_nano.a(lib_a-nano-svfprintf.o)
                0x0000bf20                __ssputs_r
 *fill*         0x0000bfd2        0x2 
 .text._svfprintf_r
                0x0000bfd4      0x1e4 d:/program files (x86)/cypress/psoc creator/4.0/psoc creator/import/gnu/arm/4.9.3/bin/../lib/gcc/arm-none-eabi/4.9.3/../../../../arm-none-eabi/lib/armv7-m\libg_nano.a(lib_a-nano-svfprintf.o)
                0x0000bfd4                _svfiprintf_r
                0x0000bfd4                _svfprintf_r
 .text._sbrk_r  0x0000c1b8       0x20 d:/program files (x86)/cypress/psoc creator/4.0/psoc creator/import/gnu/arm/4.9.3/bin/../lib/gcc/arm-none-eabi/4.9.3/../../../../arm-none-eabi/lib/armv7-m\libg_nano.a(lib_a-sbrkr.o)
                0x0000c1b8                _sbrk_r
 .text.memmove  0x0000c1d8       0x36 d:/program files (x86)/cypress/psoc creator/4.0/psoc creator/import/gnu/arm/4.9.3/bin/../lib/gcc/arm-none-eabi/4.9.3/../../../../arm-none-eabi/lib/armv7-m\libg_nano.a(lib_a-memmove.o)
                0x0000c1d8                memmove
 .text._realloc_r
                0x0000c20e       0x4c d:/program files (x86)/cypress/psoc creator/4.0/psoc creator/import/gnu/arm/4.9.3/bin/../lib/gcc/arm-none-eabi/4.9.3/../../../../arm-none-eabi/lib/armv7-m\libg_nano.a(lib_a-nano-reallocr.o)
                0x0000c20e                _realloc_r
 .text._malloc_usable_size_r
                0x0000c25a       0x14 d:/program files (x86)/cypress/psoc creator/4.0/psoc creator/import/gnu/arm/4.9.3/bin/../lib/gcc/arm-none-eabi/4.9.3/../../../../arm-none-eabi/lib/armv7-m\libg_nano.a(lib_a-nano-msizer.o)
                0x0000c25a                _malloc_usable_size_r
 *(.plt)
 *(.gnu.warning)
 *(.glue_7t)
 .glue_7t       0x00000000        0x0 linker stubs
 *(.glue_7)
 .glue_7        0x00000000        0x0 linker stubs
 *(.vfp11_veneer)
 .vfp11_veneer  0x00000000        0x0 linker stubs
 *(.bootloader)
 *(.ARM.extab* .gnu.linkonce.armextab.*)
 *(.gcc_except_table)

.v4_bx          0x0000c270        0x0
 .v4_bx         0x00000000        0x0 linker stubs

.iplt           0x0000c270        0x0
 .iplt          0x00000000        0x0 d:/program files (x86)/cypress/psoc creator/4.0/psoc creator/import/gnu/arm/4.9.3/bin/../lib/gcc/arm-none-eabi/4.9.3/armv7-m/crtbegin.o

.eh_frame_hdr
 *(.eh_frame_hdr)

.eh_frame       0x0000c270        0x4
 *(.eh_frame)
 .eh_frame      0x0000c270        0x0 d:/program files (x86)/cypress/psoc creator/4.0/psoc creator/import/gnu/arm/4.9.3/bin/../lib/gcc/arm-none-eabi/4.9.3/armv7-m/crtbegin.o
 .eh_frame      0x0000c270        0x0 d:/program files (x86)/cypress/psoc creator/4.0/psoc creator/import/gnu/arm/4.9.3/bin/../lib/gcc/arm-none-eabi/4.9.3/../../../../arm-none-eabi/lib/armv7-m\libg_nano.a(lib_a-strcmp.o)
                                 0x28 (size before relaxing)
 .eh_frame      0x0000c270        0x4 d:/program files (x86)/cypress/psoc creator/4.0/psoc creator/import/gnu/arm/4.9.3/bin/../lib/gcc/arm-none-eabi/4.9.3/armv7-m/crtend.o
                0x0000c274                PROVIDE (__exidx_start, .)

.ARM.exidx
 *(.ARM.exidx* .gnu.linkonce.armexidx.*)
                0x0000c274                __exidx_end = .

.rodata         0x0000c278      0x808
 *(.rodata .rodata.* .gnu.linkonce.r.*)
 .rodata.str1.4
                0x0000c278      0x17f .\CortexM3\ARM_GCC_493\Debug\lcd_report.o
                                0x180 (size before relaxing)
 *fill*         0x0000c3f7        0x1 
 .rodata.str1.4
                0x0000c3f8      0x260 .\CortexM3\ARM_GCC_493\Debug\report.o
 .rodata        0x0000c658       0x2c .\CortexM3\ARM_GCC_493\Debug\PSoC_Grbl.a(cyfitter_cfg.o)
 .rodata        0x0000c684       0x40 .\CortexM3\ARM_GCC_493\Debug\PSoC_Grbl.a(LCD_CustChars.o)
                0x0000c684                LCD_customFonts
 .rodata.str1.4
                0x0000c6c4        0x8 d:/program files (x86)/cypress/psoc creator/4.0/psoc creator/import/gnu/arm/4.9.3/bin/../lib/gcc/arm-none-eabi/4.9.3/../../../../arm-none-eabi/lib/armv7-m\libm.a(lib_a-w_sqrt.o)
 .rodata.npio2_hw
                0x0000c6cc       0x80 d:/program files (x86)/cypress/psoc creator/4.0/psoc creator/import/gnu/arm/4.9.3/bin/../lib/gcc/arm-none-eabi/4.9.3/../../../../arm-none-eabi/lib/armv7-m\libm.a(lib_a-e_rem_pio2.o)
 .rodata.two_over_pi
                0x0000c74c      0x108 d:/program files (x86)/cypress/psoc creator/4.0/psoc creator/import/gnu/arm/4.9.3/bin/../lib/gcc/arm-none-eabi/4.9.3/../../../../arm-none-eabi/lib/armv7-m\libm.a(lib_a-e_rem_pio2.o)
 .rodata.init_jk
                0x0000c854       0x10 d:/program files (x86)/cypress/psoc creator/4.0/psoc creator/import/gnu/arm/4.9.3/bin/../lib/gcc/arm-none-eabi/4.9.3/../../../../arm-none-eabi/lib/armv7-m\libm.a(lib_a-k_rem_pio2.o)
 *fill*         0x0000c864        0x4 
 .rodata.PIo2   0x0000c868       0x40 d:/program files (x86)/cypress/psoc creator/4.0/psoc creator/import/gnu/arm/4.9.3/bin/../lib/gcc/arm-none-eabi/4.9.3/../../../../arm-none-eabi/lib/armv7-m\libm.a(lib_a-k_rem_pio2.o)
 .rodata.atanlo
                0x0000c8a8       0x20 d:/program files (x86)/cypress/psoc creator/4.0/psoc creator/import/gnu/arm/4.9.3/bin/../lib/gcc/arm-none-eabi/4.9.3/../../../../arm-none-eabi/lib/armv7-m\libm.a(lib_a-s_atan.o)
 .rodata.atanhi
                0x0000c8c8       0x20 d:/program files (x86)/cypress/psoc creator/4.0/psoc creator/import/gnu/arm/4.9.3/bin/../lib/gcc/arm-none-eabi/4.9.3/../../../../arm-none-eabi/lib/armv7-m\libm.a(lib_a-s_atan.o)
 .rodata.str1.1
                0x0000c8e8        0x2 d:/program files (x86)/cypress/psoc creator/4.0/psoc creator/import/gnu/arm/4.9.3/bin/../lib/gcc/arm-none-eabi/4.9.3/../../../../arm-none-eabi/lib/armv7-m\libg_nano.a(lib_a-impure.o)
 .rodata.str1.1
                0x0000c8ea       0x12 d:/program files (x86)/cypress/psoc creator/4.0/psoc creator/import/gnu/arm/4.9.3/bin/../lib/gcc/arm-none-eabi/4.9.3/../../../../arm-none-eabi/lib/armv7-m\libg_nano.a(lib_a-nano-vfprintf_float.o)
 .rodata.str1.1
                0x0000c8fc       0x22 d:/program files (x86)/cypress/psoc creator/4.0/psoc creator/import/gnu/arm/4.9.3/bin/../lib/gcc/arm-none-eabi/4.9.3/../../../../arm-none-eabi/lib/armv7-m\libg_nano.a(lib_a-nano-vfprintf_i.o)
 .rodata.str1.1
                0x0000c91e        0xd d:/program files (x86)/cypress/psoc creator/4.0/psoc creator/import/gnu/arm/4.9.3/bin/../lib/gcc/arm-none-eabi/4.9.3/../../../../arm-none-eabi/lib/armv7-m\libg_nano.a(lib_a-dtoa.o)
                                  0xf (size before relaxing)
 .rodata.str1.1
                0x0000c92b        0x8 d:/program files (x86)/cypress/psoc creator/4.0/psoc creator/import/gnu/arm/4.9.3/bin/../lib/gcc/arm-none-eabi/4.9.3/../../../../arm-none-eabi/lib/armv7-m\libg_nano.a(lib_a-locale.o)
                                  0xb (size before relaxing)
 *fill*         0x0000c933        0x5 
 .rodata.__mprec_tens
                0x0000c938       0xc8 d:/program files (x86)/cypress/psoc creator/4.0/psoc creator/import/gnu/arm/4.9.3/bin/../lib/gcc/arm-none-eabi/4.9.3/../../../../arm-none-eabi/lib/armv7-m\libg_nano.a(lib_a-mprec.o)
                0x0000c938                __mprec_tens
 .rodata.__mprec_bigtens
                0x0000ca00       0x28 d:/program files (x86)/cypress/psoc creator/4.0/psoc creator/import/gnu/arm/4.9.3/bin/../lib/gcc/arm-none-eabi/4.9.3/../../../../arm-none-eabi/lib/armv7-m\libg_nano.a(lib_a-mprec.o)
                0x0000ca00                __mprec_bigtens
 .rodata.p05.5308
                0x0000ca28        0xc d:/program files (x86)/cypress/psoc creator/4.0/psoc creator/import/gnu/arm/4.9.3/bin/../lib/gcc/arm-none-eabi/4.9.3/../../../../arm-none-eabi/lib/armv7-m\libg_nano.a(lib_a-mprec.o)
 .rodata.str1.1
                0x0000ca34       0x11 d:/program files (x86)/cypress/psoc creator/4.0/psoc creator/import/gnu/arm/4.9.3/bin/../lib/gcc/arm-none-eabi/4.9.3/../../../../arm-none-eabi/lib/armv7-m\libg_nano.a(lib_a-nano-svfprintf.o)
                0x0000ca48                . = ALIGN (0x4)
 *fill*         0x0000ca45        0x3 
 *(.init)
 .init          0x0000ca48        0x4 d:/program files (x86)/cypress/psoc creator/4.0/psoc creator/import/gnu/arm/4.9.3/bin/../lib/gcc/arm-none-eabi/4.9.3/armv7-m/crti.o
                0x0000ca48                _init
 .init          0x0000ca4c        0x8 d:/program files (x86)/cypress/psoc creator/4.0/psoc creator/import/gnu/arm/4.9.3/bin/../lib/gcc/arm-none-eabi/4.9.3/armv7-m/crtn.o
                0x0000ca54                . = ALIGN (0x4)
                0x0000ca54                __preinit_array_start = .
 *(.preinit_array)
                0x0000ca54                __preinit_array_end = .
                0x0000ca54                . = ALIGN (0x4)
                0x0000ca54                __init_array_start = .
 *(SORT(.init_array.*))
 *(.init_array)
 .init_array    0x0000ca54        0x4 d:/program files (x86)/cypress/psoc creator/4.0/psoc creator/import/gnu/arm/4.9.3/bin/../lib/gcc/arm-none-eabi/4.9.3/armv7-m/crtbegin.o
 .init_array    0x0000ca58        0x4 .\CortexM3\ARM_GCC_493\Debug\Cm3Start.o
                0x0000ca5c                __init_array_end = .
                0x0000ca5c                . = ALIGN (0x4)
 *(.fini)
 .fini          0x0000ca5c        0x4 d:/program files (x86)/cypress/psoc creator/4.0/psoc creator/import/gnu/arm/4.9.3/bin/../lib/gcc/arm-none-eabi/4.9.3/armv7-m/crti.o
                0x0000ca5c                _fini
 .fini          0x0000ca60        0x8 d:/program files (x86)/cypress/psoc creator/4.0/psoc creator/import/gnu/arm/4.9.3/bin/../lib/gcc/arm-none-eabi/4.9.3/armv7-m/crtn.o
                0x0000ca68                . = ALIGN (0x4)
                0x0000ca68                __fini_array_start = .
 *(.fini_array)
 .fini_array    0x0000ca68        0x4 d:/program files (x86)/cypress/psoc creator/4.0/psoc creator/import/gnu/arm/4.9.3/bin/../lib/gcc/arm-none-eabi/4.9.3/armv7-m/crtbegin.o
 *(SORT(.fini_array.*))
                0x0000ca6c                __fini_array_end = .
                0x0000ca6c                . = ALIGN (0x4)
 *crtbegin.o(.ctors)
 *(EXCLUDE_FILE(*crtend.o) .ctors)
 *(SORT(.ctors.*))
 *crtend.o(.ctors)
                0x0000ca6c                . = ALIGN (0x4)
 *crtbegin.o(.dtors)
 *(EXCLUDE_FILE(*crtend.o) .dtors)
 *(SORT(.dtors.*))
 *crtend.o(.dtors)
                0x0000ca6c                . = ALIGN (0x4)
                0x0000ca6c                __cy_regions = .
                0x0000ca6c        0x4 LONG 0xca80 __cy_region_init_ram
                0x0000ca70        0x4 LONG 0x1fff8108 __cy_region_start_data
                0x0000ca74        0x4 LONG 0xc8 __cy_region_init_size_ram
                0x0000ca78        0x4 LONG 0x7a0 __cy_region_zero_size_ram
                0x0000ca7c                __cy_regions_end = .
                0x0000ca80                . = ALIGN (0x8)
 *fill*         0x0000ca7c        0x4 
                0x0000ca80                _etext = .

.cy_checksum_exclude
                0x0000ca80        0x0
 *(.cy_checksum_exclude)

.ramvectors     0x1fff8000      0x100
                0x1fff8000                __cy_region_start_ram = .
 *(.ramvectors)
 .ramvectors    0x1fff8000      0x100 .\CortexM3\ARM_GCC_493\Debug\Cm3Start.o
                0x1fff8000                CyRamVectors

.noinit         0x1fff8100        0x5
 *(.noinit)
 .noinit        0x1fff8100        0x4 .\CortexM3\ARM_GCC_493\Debug\Cm3Start.o
 .noinit        0x1fff8104        0x1 .\CortexM3\ARM_GCC_493\Debug\PSoC_Grbl.a(CyLib.o)
                0x1fff8104                CyResetStatus

.data           0x1fff8108       0xc8 load address 0x0000ca80
                0x1fff8108                __cy_region_start_data = .
 *(.jcr)
 .jcr           0x1fff8108        0x0 d:/program files (x86)/cypress/psoc creator/4.0/psoc creator/import/gnu/arm/4.9.3/bin/../lib/gcc/arm-none-eabi/4.9.3/armv7-m/crtbegin.o
 .jcr           0x1fff8108        0x4 d:/program files (x86)/cypress/psoc creator/4.0/psoc creator/import/gnu/arm/4.9.3/bin/../lib/gcc/arm-none-eabi/4.9.3/armv7-m/crtend.o
 *(.got.plt)
 *(.got)
 *(.shdata)
 *(.data .data.* .gnu.linkonce.d.*)
 .data          0x1fff810c       0x10 .\CortexM3\ARM_GCC_493\Debug\lcd_report.o
                0x1fff810c                lcd_cursor_max
                0x1fff810d                lcd_cursor
                0x1fff810e                lcd_FRO
                0x1fff8110                lcd_SRO
                0x1fff8112                lcd_probe_dist
                0x1fff8114                lcd_probe_rate
                0x1fff8118                lcd_probe_thickness
 .data          0x1fff811c        0x4 .\CortexM3\ARM_GCC_493\Debug\Cm3Start.o
 .data          0x1fff8120       0x10 .\CortexM3\ARM_GCC_493\Debug\PSoC_Grbl.a(CyLib.o)
                0x1fff8120                cydelay_32k_ms
                0x1fff8124                cydelay_freq_khz
                0x1fff8128                cydelay_freq_mhz
                0x1fff812c                cydelay_freq_hz
 .data.__fdlib_version
                0x1fff8130        0x1 d:/program files (x86)/cypress/psoc creator/4.0/psoc creator/import/gnu/arm/4.9.3/bin/../lib/gcc/arm-none-eabi/4.9.3/../../../../arm-none-eabi/lib/armv7-m\libm.a(lib_a-s_lib_ver.o)
                0x1fff8130                __fdlib_version
 *fill*         0x1fff8131        0x3 
 .data.impure_data
                0x1fff8134       0x60 d:/program files (x86)/cypress/psoc creator/4.0/psoc creator/import/gnu/arm/4.9.3/bin/../lib/gcc/arm-none-eabi/4.9.3/../../../../arm-none-eabi/lib/armv7-m\libg_nano.a(lib_a-impure.o)
 .data._impure_ptr
                0x1fff8194        0x4 d:/program files (x86)/cypress/psoc creator/4.0/psoc creator/import/gnu/arm/4.9.3/bin/../lib/gcc/arm-none-eabi/4.9.3/../../../../arm-none-eabi/lib/armv7-m\libg_nano.a(lib_a-impure.o)
                0x1fff8194                _impure_ptr
 .data.lconv    0x1fff8198       0x38 d:/program files (x86)/cypress/psoc creator/4.0/psoc creator/import/gnu/arm/4.9.3/bin/../lib/gcc/arm-none-eabi/4.9.3/../../../../arm-none-eabi/lib/armv7-m\libg_nano.a(lib_a-locale.o)
                0x1fff81d0                . = ALIGN (0x8)
 *(.ram)
                0x1fff81d0                _edata = .

.igot.plt       0x1fff81d0        0x0 load address 0x0000cb48
 .igot.plt      0x00000000        0x0 d:/program files (x86)/cypress/psoc creator/4.0/psoc creator/import/gnu/arm/4.9.3/bin/../lib/gcc/arm-none-eabi/4.9.3/armv7-m/crtbegin.o

.bss            0x1fff81d0      0x7a0 load address 0x0000cb48
                0x1fff81d0                PROVIDE (__bss_start__, .)
 *(.shbss)
 *(.bss .bss.* .gnu.linkonce.b.*)
 .bss           0x1fff81d0       0x1c d:/program files (x86)/cypress/psoc creator/4.0/psoc creator/import/gnu/arm/4.9.3/bin/../lib/gcc/arm-none-eabi/4.9.3/armv7-m/crtbegin.o
 .bss           0x1fff81ec        0x4 .\CortexM3\ARM_GCC_493\Debug\lcd_report.o
                0x1fff81ec                switch_clicked
                0x1fff81ed                lcd_screen
                0x1fff81ee                lcd_units
                0x1fff81ef                menu_item_selected
 .bss           0x1fff81f0        0x2 .\CortexM3\ARM_GCC_493\Debug\serial.o
                0x1fff81f0                serial_rx_buffer_head
                0x1fff81f1                serial_rx_buffer_tail
 *fill*         0x1fff81f2        0x2 
 .bss           0x1fff81f4      0x364 .\CortexM3\ARM_GCC_493\Debug\planner.o
 .bss           0x1fff8558       0x50 .\CortexM3\ARM_GCC_493\Debug\protocol.o
 .bss           0x1fff85a8      0x108 .\CortexM3\ARM_GCC_493\Debug\stepper.o
 .bss           0x1fff86b0        0x2 .\CortexM3\ARM_GCC_493\Debug\PSoC_Grbl.a(LCD.o)
                0x1fff86b0                LCD_enableState
                0x1fff86b1                LCD_initVar
 .bss           0x1fff86b2        0x4 .\CortexM3\ARM_GCC_493\Debug\PSoC_Grbl.a(UART.o)
                0x1fff86b2                UART_initVar
                0x1fff86b3                UART_txBufferRead
                0x1fff86b4                UART_txBufferWrite
 .bss           0x1fff86b6        0x1 .\CortexM3\ARM_GCC_493\Debug\PSoC_Grbl.a(PWM_Spindle.o)
                0x1fff86b6                PWM_Spindle_initVar
 .bss           0x1fff86b7        0x1 .\CortexM3\ARM_GCC_493\Debug\PSoC_Grbl.a(Stepper_Timer.o)
                0x1fff86b7                Stepper_Timer_initVar
 .bss           0x1fff86b8        0x1 .\CortexM3\ARM_GCC_493\Debug\PSoC_Grbl.a(QuadDec.o)
                0x1fff86b8                QuadDec_initVar
 .bss           0x1fff86b9        0x1 .\CortexM3\ARM_GCC_493\Debug\PSoC_Grbl.a(QuadDec_Cnt16.o)
                0x1fff86b9                QuadDec_Cnt16_initVar
 *fill*         0x1fff86ba        0x2 
 .bss           0x1fff86bc        0x8 .\CortexM3\ARM_GCC_493\Debug\PSoC_Grbl.a(CySpc.o)
                0x1fff86bc                SpcLockState
 .bss.__malloc_sbrk_start
                0x1fff86c4        0x4 d:/program files (x86)/cypress/psoc creator/4.0/psoc creator/import/gnu/arm/4.9.3/bin/../lib/gcc/arm-none-eabi/4.9.3/../../../../arm-none-eabi/lib/armv7-m\libg_nano.a(lib_a-nano-mallocr.o)
                0x1fff86c4                __malloc_sbrk_start
 .bss.__malloc_free_list
                0x1fff86c8        0x4 d:/program files (x86)/cypress/psoc creator/4.0/psoc creator/import/gnu/arm/4.9.3/bin/../lib/gcc/arm-none-eabi/4.9.3/../../../../arm-none-eabi/lib/armv7-m\libg_nano.a(lib_a-nano-mallocr.o)
                0x1fff86c8                __malloc_free_list
 *(COMMON)
 COMMON         0x1fff86cc       0x36 .\CortexM3\ARM_GCC_493\Debug\main.o
                0x1fff86cc                sys_rt_exec_motion_override
                0x1fff86cd                exec_lcd_status
                0x1fff86d0                sys
                0x1fff86e4                sys_rt_exec_accessory_override
                0x1fff86e5                sys_rt_exec_state
                0x1fff86e6                sys_probe_state
                0x1fff86e8                sys_probe_position
                0x1fff86f4                sys_position
                0x1fff8700                sys_rt_exec_alarm
                0x1fff8701                sys_rt_exec_debug
 *fill*         0x1fff8702        0x2 
 COMMON         0x1fff8704       0x80 .\CortexM3\ARM_GCC_493\Debug\serial.o
                0x1fff8704                serial_rx_buffer
 COMMON         0x1fff8784       0x5c .\CortexM3\ARM_GCC_493\Debug\settings.o
                0x1fff8784                settings
 COMMON         0x1fff87e0       0x84 .\CortexM3\ARM_GCC_493\Debug\gcode.o
                0x1fff87e0                gc_state
                0x1fff8824                gc_block
 COMMON         0x1fff8864       0xff .\CortexM3\ARM_GCC_493\Debug\PSoC_Grbl.a(UART.o)
                0x1fff8864                UART_txBuffer
 *fill*         0x1fff8963        0x1 